Component: Arm Compiler for Embedded 6.21 Tool: armlink [5ec1fa00]

==============================================================================

Section Cross References

    main.o(.text) refers (Special) to _printf_percent.o(.ARM.Collect$$_printf_percent$$00000000) for _printf_percent
    main.o(.text) refers (Special) to _printf_d.o(.ARM.Collect$$_printf_percent$$00000009) for _printf_d
    main.o(.text) refers (Special) to _printf_dec.o(.text) for _printf_int_dec
    main.o(.text._sys_exit) refers (Special) to _printf_percent.o(.ARM.Collect$$_printf_percent$$00000000) for _printf_percent
    main.o(.text._sys_exit) refers (Special) to _printf_d.o(.ARM.Collect$$_printf_percent$$00000009) for _printf_d
    main.o(.text._sys_exit) refers (Special) to _printf_dec.o(.text) for _printf_int_dec
    main.o(.ARM.exidx.text._sys_exit) refers (Special) to _printf_percent.o(.ARM.Collect$$_printf_percent$$00000000) for _printf_percent
    main.o(.ARM.exidx.text._sys_exit) refers (Special) to _printf_d.o(.ARM.Collect$$_printf_percent$$00000009) for _printf_d
    main.o(.ARM.exidx.text._sys_exit) refers (Special) to _printf_dec.o(.text) for _printf_int_dec
    main.o(.ARM.exidx.text._sys_exit) refers to main.o(.text._sys_exit) for [Anonymous Symbol]
    main.o(.text.fputc) refers (Special) to _printf_percent.o(.ARM.Collect$$_printf_percent$$00000000) for _printf_percent
    main.o(.text.fputc) refers (Special) to _printf_d.o(.ARM.Collect$$_printf_percent$$00000009) for _printf_d
    main.o(.text.fputc) refers (Special) to _printf_dec.o(.text) for _printf_int_dec
    main.o(.ARM.exidx.text.fputc) refers (Special) to _printf_percent.o(.ARM.Collect$$_printf_percent$$00000000) for _printf_percent
    main.o(.ARM.exidx.text.fputc) refers (Special) to _printf_d.o(.ARM.Collect$$_printf_percent$$00000009) for _printf_d
    main.o(.ARM.exidx.text.fputc) refers (Special) to _printf_dec.o(.text) for _printf_int_dec
    main.o(.ARM.exidx.text.fputc) refers to main.o(.text.fputc) for [Anonymous Symbol]
    main.o(.text.fputs) refers (Special) to _printf_percent.o(.ARM.Collect$$_printf_percent$$00000000) for _printf_percent
    main.o(.text.fputs) refers (Special) to _printf_d.o(.ARM.Collect$$_printf_percent$$00000009) for _printf_d
    main.o(.text.fputs) refers (Special) to _printf_dec.o(.text) for _printf_int_dec
    main.o(.text.fputs) refers to strlen.o(.text) for strlen
    main.o(.ARM.exidx.text.fputs) refers (Special) to _printf_percent.o(.ARM.Collect$$_printf_percent$$00000000) for _printf_percent
    main.o(.ARM.exidx.text.fputs) refers (Special) to _printf_d.o(.ARM.Collect$$_printf_percent$$00000009) for _printf_d
    main.o(.ARM.exidx.text.fputs) refers (Special) to _printf_dec.o(.text) for _printf_int_dec
    main.o(.ARM.exidx.text.fputs) refers to main.o(.text.fputs) for [Anonymous Symbol]
    main.o(.text.main) refers (Special) to _printf_percent.o(.ARM.Collect$$_printf_percent$$00000000) for _printf_percent
    main.o(.text.main) refers (Special) to _printf_d.o(.ARM.Collect$$_printf_percent$$00000009) for _printf_d
    main.o(.text.main) refers (Special) to _printf_dec.o(.text) for _printf_int_dec
    main.o(.text.main) refers to ti_msp_dl_config.o(.text.SYSCFG_DL_init) for SYSCFG_DL_init
    main.o(.text.main) refers to oled.o(.text.OLED_Init) for OLED_Init
    main.o(.text.main) refers to oled.o(.text.OLED_Clear) for OLED_Clear
    main.o(.text.main) refers to main.o(.text.OLED_Flash) for OLED_Flash
    main.o(.text.main) refers to dl_timer.o(.text.DL_Timer_setClockConfig) for DL_Timer_setClockConfig
    main.o(.text.main) refers to key.o(.text.getKeyValue) for getKeyValue
    main.o(.text.main) refers to main.o(.text.KeyValueCalculate) for KeyValueCalculate
    main.o(.text.main) refers to oled.o(.text.delay_ms) for delay_ms
    main.o(.text.main) refers to main.o(.text.OLED_Enter) for OLED_Enter
    main.o(.text.main) refers to main.o(.text.UpdateFreqDuty) for UpdateFreqDuty
    main.o(.text.main) refers to main.o(.data..L_MergedGlobals) for [Anonymous Symbol]
    main.o(.text.main) refers to main.o(.rodata.gPWM_ClockConfigUpdate1) for [Anonymous Symbol]
    main.o(.text.main) refers to main.o(.bss..L_MergedGlobals.31) for [Anonymous Symbol]
    main.o(.ARM.exidx.text.main) refers (Special) to _printf_percent.o(.ARM.Collect$$_printf_percent$$00000000) for _printf_percent
    main.o(.ARM.exidx.text.main) refers (Special) to _printf_d.o(.ARM.Collect$$_printf_percent$$00000009) for _printf_d
    main.o(.ARM.exidx.text.main) refers (Special) to _printf_dec.o(.text) for _printf_int_dec
    main.o(.ARM.exidx.text.main) refers to main.o(.text.main) for [Anonymous Symbol]
    main.o(.text.OLED_Flash) refers (Special) to _printf_percent.o(.ARM.Collect$$_printf_percent$$00000000) for _printf_percent
    main.o(.text.OLED_Flash) refers (Special) to _printf_d.o(.ARM.Collect$$_printf_percent$$00000009) for _printf_d
[...]
    Removing dl_timer.o(.text.DL_Timer_restoreConfiguration), (192 bytes).
    Removing dl_timer.o(.ARM.exidx.text.DL_Timer_restoreConfiguration), (8 bytes).
    Removing dl_timer.o(.text.DL_Timer_configQEIHallInputMode), (32 bytes).
    Removing dl_timer.o(.ARM.exidx.text.DL_Timer_configQEIHallInputMode), (8 bytes).
    Removing dl_trng.o(.text), (0 bytes).
    Removing dl_uart.o(.text), (0 bytes).
    Removing dl_uart.o(.ARM.exidx.text.DL_UART_init), (8 bytes).
    Removing dl_uart.o(.ARM.exidx.text.DL_UART_setClockConfig), (8 bytes).
    Removing dl_uart.o(.text.DL_UART_getClockConfig), (16 bytes).
    Removing dl_uart.o(.ARM.exidx.text.DL_UART_getClockConfig), (8 bytes).
    Removing dl_uart.o(.text.DL_UART_configBaudRate), (132 bytes).
    Removing dl_uart.o(.ARM.exidx.text.DL_UART_configBaudRate), (8 bytes).
    Removing dl_uart.o(.text.DL_UART_configIrDAMode), (40 bytes).
    Removing dl_uart.o(.ARM.exidx.text.DL_UART_configIrDAMode), (8 bytes).
    Removing dl_uart.o(.text.DL_UART_setIrDAPulseLength), (48 bytes).
    Removing dl_uart.o(.ARM.exidx.text.DL_UART_setIrDAPulseLength), (8 bytes).
    Removing dl_uart.o(.text.DL_UART_receiveDataBlocking), (20 bytes).
    Removing dl_uart.o(.ARM.exidx.text.DL_UART_receiveDataBlocking), (8 bytes).
    Removing dl_uart.o(.text.DL_UART_transmitDataBlocking), (20 bytes).
    Removing dl_uart.o(.ARM.exidx.text.DL_UART_transmitDataBlocking), (8 bytes).
    Removing dl_uart.o(.text.DL_UART_receiveDataCheck), (28 bytes).
    Removing dl_uart.o(.ARM.exidx.text.DL_UART_receiveDataCheck), (8 bytes).
    Removing dl_uart.o(.text.DL_UART_transmitDataCheck), (28 bytes).
    Removing dl_uart.o(.ARM.exidx.text.DL_UART_transmitDataCheck), (8 bytes).
    Removing dl_uart.o(.text.DL_UART_drainRXFIFO), (36 bytes).
    Removing dl_uart.o(.ARM.exidx.text.DL_UART_drainRXFIFO), (8 bytes).
    Removing dl_uart.o(.text.DL_UART_fillTXFIFO), (36 bytes).
    Removing dl_uart.o(.ARM.exidx.text.DL_UART_fillTXFIFO), (8 bytes).
    Removing dl_uart.o(.text.DL_UART_Main_saveConfiguration), (88 bytes).
    Removing dl_uart.o(.ARM.exidx.text.DL_UART_Main_saveConfiguration), (8 bytes).
    Removing dl_uart.o(.text.DL_UART_Main_restoreConfiguration), (116 bytes).
    Removing dl_uart.o(.ARM.exidx.text.DL_UART_Main_restoreConfiguration), (8 bytes).
    Removing dl_uart.o(.text.DL_UART_Extend_saveConfiguration), (104 bytes).
    Removing dl_uart.o(.ARM.exidx.text.DL_UART_Extend_saveConfiguration), (8 bytes).
    Removing dl_uart.o(.text.DL_UART_Extend_restoreConfiguration), (128 bytes).
    Removing dl_uart.o(.ARM.exidx.text.DL_UART_Extend_restoreConfiguration), (8 bytes).
    Removing dl_vref.o(.text), (0 bytes).
    Removing dl_vref.o(.text.DL_VREF_configReference), (32 bytes).
    Removing dl_vref.o(.ARM.exidx.text.DL_VREF_configReference), (8 bytes).
    Removing dl_vref.o(.text.DL_VREF_setClockConfig), (18 bytes).
    Removing dl_vref.o(.ARM.exidx.text.DL_VREF_setClockConfig), (8 bytes).
    Removing dl_vref.o(.text.DL_VREF_getClockConfig), (16 bytes).
    Removing dl_vref.o(.ARM.exidx.text.DL_VREF_getClockConfig), (8 bytes).
    Removing dl_interrupt.o(.text), (0 bytes).
    Removing dl_interrupt.o(.text.DL_Interrupt_registerInterrupt), (48 bytes).
    Removing dl_interrupt.o(.ARM.exidx.text.DL_Interrupt_registerInterrupt), (8 bytes).
    Removing dl_interrupt.o(.text.DL_Interrupt_unregisterInterrupt), (20 bytes).
    Removing dl_interrupt.o(.ARM.exidx.text.DL_Interrupt_unregisterInterrupt), (8 bytes).
    Removing dl_interrupt.o(.vtable), (192 bytes).
    Removing dl_sysctl_mspm0l11xx_l13xx.o(.text), (0 bytes).
    Removing dl_sysctl_mspm0l11xx_l13xx.o(.text.DL_SYSCTL_switchMCLKfromSYSOSCtoLFCLK), (60 bytes).
    Removing dl_sysctl_mspm0l11xx_l13xx.o(.ARM.exidx.text.DL_SYSCTL_switchMCLKfromSYSOSCtoLFCLK), (8 bytes).
    Removing dl_sysctl_mspm0l11xx_l13xx.o(.text.DL_SYSCTL_switchMCLKfromLFCLKtoSYSOSC), (40 bytes).
    Removing dl_sysctl_mspm0l11xx_l13xx.o(.ARM.exidx.text.DL_SYSCTL_switchMCLKfromLFCLKtoSYSOSC), (8 bytes).
    Removing dl_sysctl_mspm0l11xx_l13xx.o(.text.DL_SYSCTL_getPowerPolicyRUNSLEEP), (48 bytes).
    Removing dl_sysctl_mspm0l11xx_l13xx.o(.ARM.exidx.text.DL_SYSCTL_getPowerPolicyRUNSLEEP), (8 bytes).
    Removing dl_sysctl_mspm0l11xx_l13xx.o(.text.DL_SYSCTL_getPowerPolicySTOP), (52 bytes).
    Removing dl_sysctl_mspm0l11xx_l13xx.o(.ARM.exidx.text.DL_SYSCTL_getPowerPolicySTOP), (8 bytes).
    Removing dl_sysctl_mspm0l11xx_l13xx.o(.text.DL_SYSCTL_getPowerPolicySTANDBY), (40 bytes).
    Removing dl_sysctl_mspm0l11xx_l13xx.o(.ARM.exidx.text.DL_SYSCTL_getPowerPolicySTANDBY), (8 bytes).
    Removing dl_sysctl_mspm0l11xx_l13xx.o(.text.DL_SYSCTL_configFCC), (28 bytes).
    Removing dl_sysctl_mspm0l11xx_l13xx.o(.ARM.exidx.text.DL_SYSCTL_configFCC), (8 bytes).

425 unused section(s) (total 11054 bytes) removed from the image.

==============================================================================

Image Symbol Table

    Local Symbols

    Symbol Name                              Value     Ov Type        Size  Object(Section)

    ../clib/angel/boardlib.s                 0x00000000   Number         0  boardinit1.o ABSOLUTE
    ../clib/angel/boardlib.s                 0x00000000   Number         0  boardinit2.o ABSOLUTE
    ../clib/angel/boardlib.s                 0x00000000   Number         0  boardinit3.o ABSOLUTE
    ../clib/angel/boardlib.s                 0x00000000   Number         0  boardshut.o ABSOLUTE
    ../clib/angel/handlers.s                 0x00000000   Number         0  __scatter_copy.o ABSOLUTE
    ../clib/angel/handlers.s                 0x00000000   Number         0  __scatter_zi.o ABSOLUTE
    ../clib/angel/kernel.s                   0x00000000   Number         0  __rtentry.o ABSOLUTE
    ../clib/angel/kernel.s                   0x00000000   Number         0  __rtentry2.o ABSOLUTE
    ../clib/angel/kernel.s                   0x00000000   Number         0  __rtentry4.o ABSOLUTE
    ../clib/angel/kernel.s                   0x00000000   Number         0  rtexit.o ABSOLUTE
    ../clib/angel/kernel.s                   0x00000000   Number         0  rtexit2.o ABSOLUTE
    ../clib/angel/rt.s                       0x00000000   Number         0  aeabi_idiv0.o ABSOLUTE
    ../clib/angel/rt.s                       0x00000000   Number         0  aeabi_idiv0_sigfpe.o ABSOLUTE
    ../clib/angel/rt.s                       0x00000000   Number         0  rt_div0.o ABSOLUTE
    ../clib/angel/rt.s                       0x00000000   Number         0  rt_raise.o ABSOLUTE
    ../clib/angel/scatterp.s                 0x00000000   Number         0  __scatter.o ABSOLUTE
    ../clib/angel/startup.s                  0x00000000   Number         0  __main.o ABSOLUTE
    ../clib/angel/sys.s                      0x00000000   Number         0  sys_stackheap_outer.o ABSOLUTE
    ../clib/angel/sys.s                      0x00000000   Number         0  libspace.o ABSOLUTE
    ../clib/angel/sys.s                      0x00000000   Number         0  tempstk.o ABSOLUTE
    ../clib/angel/sys.s                      0x00000000   Number         0  use_no_semi.o ABSOLUTE
    ../clib/angel/sys.s                      0x00000000   Number         0  indicate_semi.o ABSOLUTE
    ../clib/angel/sysapp.c                   0x00000000   Number         0  sys_wrch.o ABSOLUTE
    ../clib/angel/sysapp.c                   0x00000000   Number         0  sys_wrch_hlt.o ABSOLUTE
    ../clib/angel/sysapp.c                   0x00000000   Number         0  sys_command.o ABSOLUTE
    ../clib/angel/sysapp.c                   0x00000000   Number         0  sys_command_hlt.o ABSOLUTE
    ../clib/armsys.c                         0x00000000   Number         0  argv_veneer.o ABSOLUTE
    ../clib/armsys.c                         0x00000000   Number         0  _get_argv_nomalloc.o ABSOLUTE
    ../clib/armsys.c                         0x00000000   Number         0  no_argv.o ABSOLUTE
    ../clib/division.c                       0x00000000   Number         0  rtudiv10.o ABSOLUTE
    ../clib/division.s                       0x00000000   Number         0  aeabi_sdiv.o ABSOLUTE
    ../clib/division.s                       0x00000000   Number         0  aeabi_sdiv_div0.o ABSOLUTE
    ../clib/heapalloc.c                      0x00000000   Number         0  hrguard.o ABSOLUTE
    ../clib/heapaux.c                        0x00000000   Number         0  heapauxi.o ABSOLUTE
    ../clib/libinit.s                        0x00000000   Number         0  libinit.o ABSOLUTE
    ../clib/libinit.s                        0x00000000   Number         0  libinit2.o ABSOLUTE
    ../clib/libinit.s                        0x00000000   Number         0  libshutdown.o ABSOLUTE
    ../clib/libinit.s                        0x00000000   Number         0  libshutdown2.o ABSOLUTE
    ../clib/memcpset.c                       0x00000000   Number         0  rt_memclr.o ABSOLUTE
    ../clib/printf.c                         0x00000000   Number         0  __2printf.o ABSOLUTE
    ../clib/printf.c                         0x00000000   Number         0  noretval__2printf.o ABSOLUTE
    ../clib/printf.c                         0x00000000   Number         0  __printf.o ABSOLUTE
    ../clib/printf.c                         0x00000000   Number         0  _printf_dec.o ABSOLUTE
    ../clib/printf.c                         0x00000000   Number         0  __printf_flags.o ABSOLUTE
    ../clib/printf.c                         0x00000000   Number         0  __printf_ss.o ABSOLUTE
    ../clib/printf.c                         0x00000000   Number         0  __printf_flags_ss.o ABSOLUTE
    ../clib/printf.c                         0x00000000   Number         0  __printf_wp.o ABSOLUTE
    ../clib/printf.c                         0x00000000   Number         0  __printf_flags_wp.o ABSOLUTE
    ../clib/printf.c                         0x00000000   Number         0  __printf_ss_wp.o ABSOLUTE
    ../clib/printf.c                         0x00000000   Number         0  __printf_flags_ss_wp.o ABSOLUTE
    ../clib/printf.c                         0x00000000   Number         0  _printf_intcommon.o ABSOLUTE
    ../clib/printf.c                         0x00000000   Number         0  _printf_char_file.o ABSOLUTE
    ../clib/printf.c                         0x00000000   Number         0  _printf_char_common.o ABSOLUTE
    ../clib/printf.c                         0x00000000   Number         0  __printf_nopercent.o ABSOLUTE
    ../clib/printf_percent.s                 0x00000000   Number         0  _printf_d.o ABSOLUTE
    ../clib/printf_percent.s                 0x00000000   Number         0  _printf_percent.o ABSOLUTE
    ../clib/printf_percent.s                 0x00000000   Number         0  _printf_percent_end.o ABSOLUTE
    ../clib/signal.c                         0x00000000   Number         0  defsig_fpe_outer.o ABSOLUTE
    ../clib/signal.c                         0x00000000   Number         0  defsig_fpe_formal.o ABSOLUTE
    ../clib/signal.c                         0x00000000   Number         0  defsig_exit.o ABSOLUTE
    ../clib/signal.c                         0x00000000   Number         0  defsig_fpe_inner.o ABSOLUTE
    ../clib/signal.c                         0x00000000   Number         0  __raise.o ABSOLUTE
    ../clib/signal.c                         0x00000000   Number         0  defsig_general.o ABSOLUTE
    ../clib/signal.c                         0x00000000   Number         0  defsig_abrt_inner.o ABSOLUTE
    ../clib/signal.c                         0x00000000   Number         0  defsig_rtred_inner.o ABSOLUTE
    ../clib/signal.c                         0x00000000   Number         0  defsig_rtmem_inner.o ABSOLUTE
    ../clib/signal.c                         0x00000000   Number         0  defsig_rtmem_outer.o ABSOLUTE
    ../clib/signal.c                         0x00000000   Number         0  defsig_rtmem_formal.o ABSOLUTE
    ../clib/signal.c                         0x00000000   Number         0  defsig_stak_inner.o ABSOLUTE
    ../clib/signal.c                         0x00000000   Number         0  defsig_pvfn_inner.o ABSOLUTE
    ../clib/signal.c                         0x00000000   Number         0  defsig_cppl_inner.o ABSOLUTE
    ../clib/signal.c                         0x00000000   Number         0  defsig_segv_inner.o ABSOLUTE
    ../clib/signal.c                         0x00000000   Number         0  defsig_other.o ABSOLUTE
    ../clib/signal.s                         0x00000000   Number         0  defsig.o ABSOLUTE
    ../clib/stdio.c                          0x00000000   Number         0  puts.o ABSOLUTE
    ../clib/stdio.c                          0x00000000   Number         0  ferror.o ABSOLUTE
    ../clib/stdio.c                          0x00000000   Number         0  ferror_locked.o ABSOLUTE
    ../clib/stdlib.c                         0x00000000   Number         0  exit.o ABSOLUTE
    ../clib/string.c                         0x00000000   Number         0  strlen.o ABSOLUTE
    ../fplib/cfplib/fdiv.c                   0x00000000   Number         0  fdiv.o ABSOLUTE
    ../fplib/cfplib/ffix.c                   0x00000000   Number         0  ffixi.o ABSOLUTE
    ../fplib/cfplib/ffix.c                   0x00000000   Number         0  ffixui.o ABSOLUTE
    ../fplib/cfplib/fflt.c                   0x00000000   Number         0  fflti.o ABSOLUTE
    ../fplib/cfplib/fpinit.c                 0x00000000   Number         0  fpinit.o ABSOLUTE
    ../fplib/faddsub6m.s                     0x00000000   Number         0  faddsub.o ABSOLUTE
    ../fplib/fmul6m.s                        0x00000000   Number         0  fmul.o ABSOLUTE
    ../fplib/usenofp.s                       0x00000000   Number         0  usenofp.o ABSOLUTE
    dc.s                                     0x00000000   Number         0  dc.o ABSOLUTE
    dl_adc12.c                               0x00000000   Number         0  dl_adc12.o ABSOLUTE
    dl_aes.c                                 0x00000000   Number         0  dl_aes.o ABSOLUTE
    dl_common.c                              0x00000000   Number         0  dl_common.o ABSOLUTE
    dl_crc.c                                 0x00000000   Number         0  dl_crc.o ABSOLUTE
    dl_dac12.c                               0x00000000   Number         0  dl_dac12.o ABSOLUTE
    dl_dma.c                                 0x00000000   Number         0  dl_dma.o ABSOLUTE
    dl_flashctl.c                            0x00000000   Number         0  dl_flashctl.o ABSOLUTE
    dl_i2c.c                                 0x00000000   Number         0  dl_i2c.o ABSOLUTE
    dl_interrupt.c                           0x00000000   Number         0  dl_interrupt.o ABSOLUTE
    dl_mathacl.c                             0x00000000   Number         0  dl_mathacl.o ABSOLUTE
    dl_mcan.c                                0x00000000   Number         0  dl_mcan.o ABSOLUTE
    dl_opa.c                                 0x00000000   Number         0  dl_opa.o ABSOLUTE
    dl_rtc.c                                 0x00000000   Number         0  dl_rtc.o ABSOLUTE
    dl_spi.c                                 0x00000000   Number         0  dl_spi.o ABSOLUTE
    dl_sysctl_mspm0l11xx_l13xx.c             0x00000000   Number         0  dl_sysctl_mspm0l11xx_l13xx.o ABSOLUTE
    dl_timer.c                               0x00000000   Number         0  dl_timer.o ABSOLUTE
    dl_trng.c                                0x00000000   Number         0  dl_trng.o ABSOLUTE
    dl_uart.c                                0x00000000   Number         0  dl_uart.o ABSOLUTE
    dl_vref.c                                0x00000000   Number         0  dl_vref.o ABSOLUTE
    key.c                                    0x00000000   Number         0  key.o ABSOLUTE
    main.c                                   0x00000000   Number         0  main.o ABSOLUTE
    oled.c                                   0x00000000   Number         0  oled.o ABSOLUTE
    startup_mspm0l1306_uvision.s             0x00000000   Number         0  startup_mspm0l1306_uvision.o ABSOLUTE
    ti_msp_dl_config.c                       0x00000000   Number         0  ti_msp_dl_config.o ABSOLUTE
    RESET                                    0x00000000   Section      192  startup_mspm0l1306_uvision.o(RESET)
    !!!main                                  0x000000c0   Section        8  __main.o(!!!main)
    !!!scatter                               0x000000c8   Section       84  __scatter.o(!!!scatter)
    !!handler_copy                           0x00000120   Section       26  __scatter_copy.o(!!handler_copy)
    !!handler_null                           0x00000140   Section        2  __scatter.o(!!handler_null)
    !!handler_zi                             0x00000148   Section       28  __scatter_zi.o(!!handler_zi)
    .ARM.Collect$$_printf_percent$$00000000  0x00000164   Section        2  _printf_percent.o(.ARM.Collect$$_printf_percent$$00000000)
    .ARM.Collect$$_printf_percent$$00000009  0x00000166   Section       10  _printf_d.o(.ARM.Collect$$_printf_percent$$00000009)
    .ARM.Collect$$_printf_percent$$00000017  0x00000170   Section        4  _printf_percent_end.o(.ARM.Collect$$_printf_percent$$00000017)
    .ARM.Collect$$libinit$$00000000          0x00000174   Section        2  libinit.o(.ARM.Collect$$libinit$$00000000)
    .ARM.Collect$$libinit$$00000002          0x00000176   Section        0  libinit2.o(.ARM.Collect$$libinit$$00000002)
    .ARM.Collect$$libinit$$00000004          0x00000176   Section        0  libinit2.o(.ARM.Collect$$libinit$$00000004)
    .ARM.Collect$$libinit$$00000006          0x00000176   Section        0  libinit2.o(.ARM.Collect$$libinit$$00000006)
    .ARM.Collect$$libinit$$0000000C          0x00000176   Section        0  libinit2.o(.ARM.Collect$$libinit$$0000000C)
    .ARM.Collect$$libinit$$0000000E          0x00000176   Section        0  libinit2.o(.ARM.Collect$$libinit$$0000000E)
    .ARM.Collect$$libinit$$00000010          0x00000176   Section        0  libinit2.o(.ARM.Collect$$libinit$$00000010)
    .ARM.Collect$$libinit$$00000013          0x00000176   Section        0  libinit2.o(.ARM.Collect$$libinit$$00000013)
    .ARM.Collect$$libinit$$00000015          0x00000176   Section        0  libinit2.o(.ARM.Collect$$libinit$$00000015)
    .ARM.Collect$$libinit$$00000017          0x00000176   Section        0  libinit2.o(.ARM.Collect$$libinit$$00000017)
    .ARM.Collect$$libinit$$00000019          0x00000176   Section        0  libinit2.o(.ARM.Collect$$libinit$$00000019)
    .ARM.Collect$$libinit$$0000001B          0x00000176   Section        0  libinit2.o(.ARM.Collect$$libinit$$0000001B)
    .ARM.Collect$$libinit$$0000001D          0x00000176   Section        0  libinit2.o(.ARM.Collect$$libinit$$0000001D)
    .ARM.Collect$$libinit$$0000001F          0x00000176   Section        0  libinit2.o(.ARM.Collect$$libinit$$0000001F)
    .ARM.Collect$$libinit$$00000021          0x00000176   Section        0  libinit2.o(.ARM.Collect$$libinit$$00000021)
    .ARM.Collect$$libinit$$00000023          0x00000176   Section        0  libinit2.o(.ARM.Collect$$libinit$$00000023)
    .ARM.Collect$$libinit$$00000025          0x00000176   Section        0  libinit2.o(.ARM.Collect$$libinit$$00000025)
    .ARM.Collect$$libinit$$00000027          0x00000176   Section        0  libinit2.o(.ARM.Collect$$libinit$$00000027)
    .ARM.Collect$$libinit$$0000002E          0x00000176   Section        0  libinit2.o(.ARM.Collect$$libinit$$0000002E)
    .ARM.Collect$$libinit$$00000030          0x00000176   Section        0  libinit2.o(.ARM.Collect$$libinit$$00000030)
    .ARM.Collect$$libinit$$00000032          0x00000176   Section        0  libinit2.o(.ARM.Collect$$libinit$$00000032)
    .ARM.Collect$$libinit$$00000034          0x00000176   Section        0  libinit2.o(.ARM.Collect$$libinit$$00000034)
    .ARM.Collect$$libinit$$00000035          0x00000176   Section        2  libinit2.o(.ARM.Collect$$libinit$$00000035)
    .ARM.Collect$$libshutdown$$00000000      0x00000178   Section        2  libshutdown.o(.ARM.Collect$$libshutdown$$00000000)
    .ARM.Collect$$libshutdown$$00000002      0x0000017a   Section        0  libshutdown2.o(.ARM.Collect$$libshutdown$$00000002)
    .ARM.Collect$$libshutdown$$00000004      0x0000017a   Section        0  libshutdown2.o(.ARM.Collect$$libshutdown$$00000004)
    .ARM.Collect$$libshutdown$$00000007      0x0000017a   Section        0  libshutdown2.o(.ARM.Collect$$libshutdown$$00000007)
    .ARM.Collect$$libshutdown$$0000000A      0x0000017a   Section        0  libshutdown2.o(.ARM.Collect$$libshutdown$$0000000A)
    .ARM.Collect$$libshutdown$$0000000C      0x0000017a   Section        0  libshutdown2.o(.ARM.Collect$$libshutdown$$0000000C)
    .ARM.Collect$$libshutdown$$0000000F      0x0000017a   Section        0  libshutdown2.o(.ARM.Collect$$libshutdown$$0000000F)
    .ARM.Collect$$libshutdown$$00000010      0x0000017a   Section        2  libshutdown2.o(.ARM.Collect$$libshutdown$$00000010)
    .ARM.Collect$$rtentry$$00000000          0x0000017c   Section        0  __rtentry.o(.ARM.Collect$$rtentry$$00000000)
    .ARM.Collect$$rtentry$$00000002          0x0000017c   Section        0  __rtentry2.o(.ARM.Collect$$rtentry$$00000002)
    .ARM.Collect$$rtentry$$00000004          0x0000017c   Section        6  __rtentry4.o(.ARM.Collect$$rtentry$$00000004)
    .ARM.Collect$$rtentry$$00000009          0x00000182   Section        0  __rtentry2.o(.ARM.Collect$$rtentry$$00000009)
    .ARM.Collect$$rtentry$$0000000A          0x00000182   Section        4  __rtentry2.o(.ARM.Collect$$rtentry$$0000000A)
    .ARM.Collect$$rtentry$$0000000C          0x00000186   Section        0  __rtentry2.o(.ARM.Collect$$rtentry$$0000000C)
    .ARM.Collect$$rtentry$$0000000D          0x00000186   Section        8  __rtentry2.o(.ARM.Collect$$rtentry$$0000000D)
    .ARM.Collect$$rtexit$$00000000           0x0000018e   Section        2  rtexit.o(.ARM.Collect$$rtexit$$00000000)
    .ARM.Collect$$rtexit$$00000002           0x00000190   Section        0  rtexit2.o(.ARM.Collect$$rtexit$$00000002)
    .ARM.Collect$$rtexit$$00000003           0x00000190   Section        4  rtexit2.o(.ARM.Collect$$rtexit$$00000003)
    .ARM.Collect$$rtexit$$00000004           0x00000194   Section        6  rtexit2.o(.ARM.Collect$$rtexit$$00000004)
    .text                                    0x0000019c   Section       44  startup_mspm0l1306_uvision.o(.text)
    .text                                    0x000001c8   Section        0  noretval__2printf.o(.text)
    .text                                    0x000001e4   Section        0  __printf.o(.text)
    .text                                    0x00000250   Section        0  _printf_dec.o(.text)
    .text                                    0x000002bc   Section        0  puts.o(.text)
    .text                                    0x000002e8   Section        0  rt_memclr.o(.text)
    .text                                    0x00000328   Section      364  aeabi_sdiv.o(.text)
    .text                                    0x00000494   Section        0  heapauxi.o(.text)
    .text                                    0x0000049c   Section        0  fdiv.o(.text)
    .text                                    0x000005fc   Section        0  ffixi.o(.text)
    .text                                    0x00000648   Section        0  ffixui.o(.text)
    .text                                    0x00000678   Section        0  fflti.o(.text)
    .text                                    0x000006d6   Section        0  _printf_intcommon.o(.text)
    .text                                    0x00000788   Section        0  _printf_char_file.o(.text)
    .text                                    0x000007b0   Section        0  rtudiv10.o(.text)
    _printf_input_char                       0x000007d9   Thumb Code    10  _printf_char_common.o(.text)
    .text                                    0x000007d8   Section        0  _printf_char_common.o(.text)
    .text                                    0x00000808   Section        0  ferror.o(.text)
    .text                                    0x00000810   Section       62  sys_stackheap_outer.o(.text)
    .text                                    0x0000084e   Section        0  exit.o(.text)
    .text                                    0x00000860   Section        8  libspace.o(.text)
    [Anonymous Symbol]                       0x00000868   Section        0  dl_common.o(.text.DL_Common_delayCycles)
    DL_Common_delayCyclesLoop                0x0000086a   Number         0  dl_common.o(.text.DL_Common_delayCycles)
    [Anonymous Symbol]                       0x00000874   Section        0  dl_timer.o(.text.DL_Timer_initPWMMode)
    __arm_cp.12_1                            0x00000920   Number         4  dl_timer.o(.text.DL_Timer_initPWMMode)
    __arm_cp.12_2                            0x00000924   Number         4  dl_timer.o(.text.DL_Timer_initPWMMode)
    __arm_cp.12_3                            0x00000928   Number         4  dl_timer.o(.text.DL_Timer_initPWMMode)
    __arm_cp.12_4                            0x0000092c   Number         4  dl_timer.o(.text.DL_Timer_initPWMMode)
    __arm_cp.12_6                            0x00000930   Number         4  dl_timer.o(.text.DL_Timer_initPWMMode)
    [Anonymous Symbol]                       0x00000934   Section        0  dl_timer.o(.text.DL_Timer_initTimerMode)
    __arm_cp.2_0                             0x00000990   Number         4  dl_timer.o(.text.DL_Timer_initTimerMode)
    __arm_cp.2_1                             0x00000994   Number         4  dl_timer.o(.text.DL_Timer_initTimerMode)
    __arm_cp.2_2                             0x00000998   Number         4  dl_timer.o(.text.DL_Timer_initTimerMode)
    [Anonymous Symbol]                       0x0000099c   Section        0  dl_timer.o(.text.DL_Timer_setCaptCompUpdateMethod)
    __arm_cp.19_0                            0x000009b4   Number         4  dl_timer.o(.text.DL_Timer_setCaptCompUpdateMethod)
    [Anonymous Symbol]                       0x000009b8   Section        0  dl_timer.o(.text.DL_Timer_setCaptureCompareOutCtl)
    __arm_cp.14_0                            0x000009cc   Number         4  dl_timer.o(.text.DL_Timer_setCaptureCompareOutCtl)
    [Anonymous Symbol]                       0x000009d0   Section        0  dl_timer.o(.text.DL_Timer_setCaptureCompareValue)
    __arm_cp.3_0                             0x000009dc   Number         4  dl_timer.o(.text.DL_Timer_setCaptureCompareValue)
    [Anonymous Symbol]                       0x000009e0   Section        0  dl_timer.o(.text.DL_Timer_setClockConfig)
    __arm_cp.0_0                             0x000009f8   Number         4  dl_timer.o(.text.DL_Timer_setClockConfig)
    [Anonymous Symbol]                       0x000009fc   Section        0  dl_uart.o(.text.DL_UART_init)
    __arm_cp.0_0                             0x00000a3c   Number         4  dl_uart.o(.text.DL_UART_init)
    __arm_cp.0_1                             0x00000a40   Number         4  dl_uart.o(.text.DL_UART_init)
    [Anonymous Symbol]                       0x00000a44   Section        0  dl_uart.o(.text.DL_UART_setClockConfig)
    [Anonymous Symbol]                       0x00000a58   Section        0  main.o(.text.KeyValueCalculate)
    __arm_cp.5_1                             0x00000c14   Number         4  main.o(.text.KeyValueCalculate)
    __arm_cp.5_2                             0x00000c18   Number         4  main.o(.text.KeyValueCalculate)
    __arm_cp.5_3                             0x00000c1c   Number         4  main.o(.text.KeyValueCalculate)
    __arm_cp.5_4                             0x00000c20   Number         4  main.o(.text.KeyValueCalculate)
    [Anonymous Symbol]                       0x00000c24   Section        0  oled.o(.text.OLED_Clear)
    [Anonymous Symbol]                       0x00000c60   Section        0  main.o(.text.OLED_Enter)
    __arm_cp.6_0                             0x00000cc0   Number         4  main.o(.text.OLED_Enter)
    [Anonymous Symbol]                       0x00000cd4   Section        0  main.o(.text.OLED_Flash)
    __arm_cp.4_0                             0x00000e7c   Number         4  main.o(.text.OLED_Flash)
    __arm_cp.4_1                             0x00000e80   Number         4  main.o(.text.OLED_Flash)
    __arm_cp.4_2                             0x00000e84   Number         4  main.o(.text.OLED_Flash)
    __arm_cp.4_3                             0x00000e88   Number         4  main.o(.text.OLED_Flash)
    __arm_cp.4_4                             0x00000e8c   Number         4  main.o(.text.OLED_Flash)
    __arm_cp.4_5                             0x00000e90   Number         4  main.o(.text.OLED_Flash)
    __arm_cp.4_6                             0x00000e94   Number         4  main.o(.text.OLED_Flash)
    __arm_cp.4_7                             0x00000e98   Number         4  main.o(.text.OLED_Flash)
    __arm_cp.4_8                             0x00000e9c   Number         4  main.o(.text.OLED_Flash)
    __arm_cp.4_9                             0x00000ea0   Number         4  main.o(.text.OLED_Flash)
    __arm_cp.4_10                            0x00000ea4   Number         4  main.o(.text.OLED_Flash)
    __arm_cp.4_11                            0x00000ea8   Number         4  main.o(.text.OLED_Flash)
    __arm_cp.4_12                            0x00000eac   Number         4  main.o(.text.OLED_Flash)
    __arm_cp.4_13                            0x00000eb0   Number         4  main.o(.text.OLED_Flash)
    __arm_cp.4_16                            0x00000ec4   Number         4  main.o(.text.OLED_Flash)
    [Anonymous Symbol]                       0x00000ee8   Section        0  oled.o(.text.OLED_Init)
    __arm_cp.16_0                            0x00000fc0   Number         4  oled.o(.text.OLED_Init)
    [Anonymous Symbol]                       0x00000fc4   Section        0  oled.o(.text.OLED_Pow)
    [Anonymous Symbol]                       0x00000fd4   Section        0  oled.o(.text.OLED_Set_Pos)
    __arm_cp.2_0                             0x00000ff8   Number         4  oled.o(.text.OLED_Set_Pos)
    [Anonymous Symbol]                       0x00000ffc   Section        0  oled.o(.text.OLED_ShowChar)
    __arm_cp.6_0                             0x0000105c   Number         4  oled.o(.text.OLED_ShowChar)
    [Anonymous Symbol]                       0x00001060   Section        0  oled.o(.text.OLED_ShowChar8)
    __arm_cp.7_0                             0x0000109c   Number         4  oled.o(.text.OLED_ShowChar8)
    [Anonymous Symbol]                       0x000010a0   Section        0  oled.o(.text.OLED_ShowNum)
    [Anonymous Symbol]                       0x0000112a   Section        0  oled.o(.text.OLED_ShowString)
    [Anonymous Symbol]                       0x0000115a   Section        0  oled.o(.text.OLED_ShowString8)
    [Anonymous Symbol]                       0x0000118a   Section        0  oled.o(.text.OLED_Showdecimal)
    [Anonymous Symbol]                       0x00001294   Section        0  oled.o(.text.OLED_WR_Byte)
    __arm_cp.1_0                             0x000012d4   Number         4  oled.o(.text.OLED_WR_Byte)
    [Anonymous Symbol]                       0x000012d8   Section        0  ti_msp_dl_config.o(.text.SYSCFG_DL_GPIO_init)
    __arm_cp.2_0                             0x00001320   Number         4  ti_msp_dl_config.o(.text.SYSCFG_DL_GPIO_init)
    __arm_cp.2_1                             0x00001324   Number         4  ti_msp_dl_config.o(.text.SYSCFG_DL_GPIO_init)
    __arm_cp.2_2                             0x00001328   Number         4  ti_msp_dl_config.o(.text.SYSCFG_DL_GPIO_init)
    __arm_cp.2_3                             0x0000132c   Number         4  ti_msp_dl_config.o(.text.SYSCFG_DL_GPIO_init)
    __arm_cp.2_4                             0x00001330   Number         4  ti_msp_dl_config.o(.text.SYSCFG_DL_GPIO_init)
    __arm_cp.2_5                             0x00001334   Number         4  ti_msp_dl_config.o(.text.SYSCFG_DL_GPIO_init)
    [Anonymous Symbol]                       0x00001338   Section        0  ti_msp_dl_config.o(.text.SYSCFG_DL_PWM_0_init)
    __arm_cp.4_0                             0x0000137c   Number         4  ti_msp_dl_config.o(.text.SYSCFG_DL_PWM_0_init)
    __arm_cp.4_1                             0x00001380   Number         4  ti_msp_dl_config.o(.text.SYSCFG_DL_PWM_0_init)
    __arm_cp.4_2                             0x00001384   Number         4  ti_msp_dl_config.o(.text.SYSCFG_DL_PWM_0_init)
    __arm_cp.4_3                             0x00001388   Number         4  ti_msp_dl_config.o(.text.SYSCFG_DL_PWM_0_init)
    __arm_cp.4_4                             0x0000138c   Number         4  ti_msp_dl_config.o(.text.SYSCFG_DL_PWM_0_init)
    [Anonymous Symbol]                       0x00001390   Section        0  ti_msp_dl_config.o(.text.SYSCFG_DL_PWM_1_init)
    __arm_cp.5_0                             0x000013d4   Number         4  ti_msp_dl_config.o(.text.SYSCFG_DL_PWM_1_init)
    __arm_cp.5_1                             0x000013d8   Number         4  ti_msp_dl_config.o(.text.SYSCFG_DL_PWM_1_init)
    __arm_cp.5_2                             0x000013dc   Number         4  ti_msp_dl_config.o(.text.SYSCFG_DL_PWM_1_init)
    __arm_cp.5_3                             0x000013e0   Number         4  ti_msp_dl_config.o(.text.SYSCFG_DL_PWM_1_init)
    __arm_cp.5_4                             0x000013e4   Number         4  ti_msp_dl_config.o(.text.SYSCFG_DL_PWM_1_init)
    [Anonymous Symbol]                       0x000013e8   Section        0  ti_msp_dl_config.o(.text.SYSCFG_DL_SYSCTL_init)
    __arm_cp.3_0                             0x0000140c   Number         4  ti_msp_dl_config.o(.text.SYSCFG_DL_SYSCTL_init)
    __arm_cp.3_1                             0x00001410   Number         4  ti_msp_dl_config.o(.text.SYSCFG_DL_SYSCTL_init)
    [Anonymous Symbol]                       0x00001414   Section        0  ti_msp_dl_config.o(.text.SYSCFG_DL_TIMER_0_init)
    __arm_cp.6_0                             0x00001448   Number         4  ti_msp_dl_config.o(.text.SYSCFG_DL_TIMER_0_init)
    __arm_cp.6_1                             0x0000144c   Number         4  ti_msp_dl_config.o(.text.SYSCFG_DL_TIMER_0_init)
    __arm_cp.6_2                             0x00001450   Number         4  ti_msp_dl_config.o(.text.SYSCFG_DL_TIMER_0_init)
    __arm_cp.6_3                             0x00001454   Number         4  ti_msp_dl_config.o(.text.SYSCFG_DL_TIMER_0_init)
    __arm_cp.6_4                             0x00001458   Number         4  ti_msp_dl_config.o(.text.SYSCFG_DL_TIMER_0_init)
    __arm_cp.6_5                             0x0000145c   Number         4  ti_msp_dl_config.o(.text.SYSCFG_DL_TIMER_0_init)
    [Anonymous Symbol]                       0x00001460   Section        0  ti_msp_dl_config.o(.text.SYSCFG_DL_UART_0_init)
    __arm_cp.7_0                             0x000014c8   Number         4  ti_msp_dl_config.o(.text.SYSCFG_DL_UART_0_init)
    __arm_cp.7_1                             0x000014cc   Number         4  ti_msp_dl_config.o(.text.SYSCFG_DL_UART_0_init)
    __arm_cp.7_2                             0x000014d0   Number         4  ti_msp_dl_config.o(.text.SYSCFG_DL_UART_0_init)
    __arm_cp.7_3                             0x000014d4   Number         4  ti_msp_dl_config.o(.text.SYSCFG_DL_UART_0_init)
    __arm_cp.7_4                             0x000014d8   Number         4  ti_msp_dl_config.o(.text.SYSCFG_DL_UART_0_init)
    [Anonymous Symbol]                       0x000014dc   Section        0  ti_msp_dl_config.o(.text.SYSCFG_DL_init)
    [Anonymous Symbol]                       0x000014fc   Section        0  ti_msp_dl_config.o(.text.SYSCFG_DL_initPower)
    __arm_cp.1_0                             0x00001528   Number         4  ti_msp_dl_config.o(.text.SYSCFG_DL_initPower)
    __arm_cp.1_1                             0x0000152c   Number         4  ti_msp_dl_config.o(.text.SYSCFG_DL_initPower)
    __arm_cp.1_2                             0x00001530   Number         4  ti_msp_dl_config.o(.text.SYSCFG_DL_initPower)
    __arm_cp.1_3                             0x00001534   Number         4  ti_msp_dl_config.o(.text.SYSCFG_DL_initPower)
    __arm_cp.1_4                             0x00001538   Number         4  ti_msp_dl_config.o(.text.SYSCFG_DL_initPower)
    __arm_cp.1_5                             0x0000153c   Number         4  ti_msp_dl_config.o(.text.SYSCFG_DL_initPower)
    __arm_cp.1_6                             0x00001540   Number         4  ti_msp_dl_config.o(.text.SYSCFG_DL_initPower)
    [Anonymous Symbol]                       0x00001544   Section        0  main.o(.text.TIMG0_IRQHandler)
    __arm_cp.8_0                             0x00001594   Number         4  main.o(.text.TIMG0_IRQHandler)
    __arm_cp.8_3                             0x000015b4   Number         4  main.o(.text.TIMG0_IRQHandler)
    __arm_cp.8_5                             0x000015c8   Number         4  main.o(.text.TIMG0_IRQHandler)
    [Anonymous Symbol]                       0x00001618   Section        0  main.o(.text.UpdateFreqDuty)
    __arm_cp.7_1                             0x000017b4   Number         4  main.o(.text.UpdateFreqDuty)
    __arm_cp.7_3                             0x000017b8   Number         4  main.o(.text.UpdateFreqDuty)
    __arm_cp.7_4                             0x000017bc   Number         4  main.o(.text.UpdateFreqDuty)
    __arm_cp.7_5                             0x000017c0   Number         4  main.o(.text.UpdateFreqDuty)
    __arm_cp.7_6                             0x000017c4   Number         4  main.o(.text.UpdateFreqDuty)
    __arm_cp.7_7                             0x000017c8   Number         4  main.o(.text.UpdateFreqDuty)
    __arm_cp.7_8                             0x000017cc   Number         4  main.o(.text.UpdateFreqDuty)
    __arm_cp.7_9                             0x000017d0   Number         4  main.o(.text.UpdateFreqDuty)
    __arm_cp.7_10                            0x000017d4   Number         4  main.o(.text.UpdateFreqDuty)
    __arm_cp.7_11                            0x000017d8   Number         4  main.o(.text.UpdateFreqDuty)
    __arm_cp.7_12                            0x000017dc   Number         4  main.o(.text.UpdateFreqDuty)
    __arm_cp.7_13                            0x000017e0   Number         4  main.o(.text.UpdateFreqDuty)
    __arm_cp.7_14                            0x000017e4   Number         4  main.o(.text.UpdateFreqDuty)
    __arm_cp.7_15                            0x000017e8   Number         4  main.o(.text.UpdateFreqDuty)
    __arm_cp.7_16                            0x000017ec   Number         4  main.o(.text.UpdateFreqDuty)
    __arm_cp.7_17                            0x000017f0   Number         4  main.o(.text.UpdateFreqDuty)
    __arm_cp.7_18                            0x000017f4   Number         4  main.o(.text.UpdateFreqDuty)
    __arm_cp.7_19                            0x000017f8   Number         4  main.o(.text.UpdateFreqDuty)
    __arm_cp.7_20                            0x000017fc   Number         4  main.o(.text.UpdateFreqDuty)
    __arm_cp.7_21                            0x00001800   Number         4  main.o(.text.UpdateFreqDuty)
    __arm_cp.7_22                            0x00001804   Number         4  main.o(.text.UpdateFreqDuty)
    __arm_cp.7_24                            0x00001808   Number         4  main.o(.text.UpdateFreqDuty)
    __arm_cp.7_25                            0x0000180c   Number         4  main.o(.text.UpdateFreqDuty)
    __arm_cp.7_27                            0x00001810   Number         4  main.o(.text.UpdateFreqDuty)
    [Anonymous Symbol]                       0x00001814   Section        0  main.o(.text._sys_exit)
    [Anonymous Symbol]                       0x00001816   Section        0  oled.o(.text.delay_ms)
    [Anonymous Symbol]                       0x00001824   Section        0  main.o(.text.fputc)
    __arm_cp.1_0                             0x00001834   Number         4  main.o(.text.fputc)
    [Anonymous Symbol]                       0x00001838   Section        0  key.o(.text.getKeyValue)
    __arm_cp.0_0                             0x000018a8   Number         4  key.o(.text.getKeyValue)
    __arm_cp.0_1                             0x000018ac   Number         4  key.o(.text.getKeyValue)
    __arm_cp.0_2                             0x000018b0   Number         4  key.o(.text.getKeyValue)
    __arm_cp.0_3                             0x000018b4   Number         4  key.o(.text.getKeyValue)
    [Anonymous Symbol]                       0x000018b8   Section        0  main.o(.text.main)
    __arm_cp.3_0                             0x00001924   Number         4  main.o(.text.main)
    __arm_cp.3_1                             0x00001928   Number         4  main.o(.text.main)
    __arm_cp.3_2                             0x0000192c   Number         4  main.o(.text.main)
    __arm_cp.3_3                             0x00001930   Number         4  main.o(.text.main)
    __arm_cp.3_4                             0x00001934   Number         4  main.o(.text.main)
    __arm_cp.3_5                             0x00001938   Number         4  main.o(.text.main)
    __arm_cp.3_6                             0x0000193c   Number         4  main.o(.text.main)
    __arm_cp.3_7                             0x00001940   Number         4  main.o(.text.main)
    [Anonymous Symbol]                       0x00001944   Section        0  oled.o(.text.oled_pow)
    x$fpl$fadd                               0x00001954   Section      140  faddsub.o(x$fpl$fadd)
    _fadd1                                   0x00001961   Thumb Code     0  faddsub.o(x$fpl$fadd)
    x$fpl$fmul                               0x000019e0   Section      176  fmul.o(x$fpl$fmul)
    x$fpl$fsub                               0x00001a90   Section      208  faddsub.o(x$fpl$fsub)
    _fsub1                                   0x00001a9d   Thumb Code     0  faddsub.o(x$fpl$fsub)
    fdiv_tab                                 0x00001b60   Data          64  fdiv.o(.constdata)
    .constdata                               0x00001b60   Section       64  fdiv.o(.constdata)
    x$fpl$usenofp                            0x00001b60   Section        0  usenofp.o(x$fpl$usenofp)
    gPWM_0ClockConfig                        0x000023b8   Data           3  ti_msp_dl_config.o(.rodata.gPWM_0ClockConfig)
    [Anonymous Symbol]                       0x000023b8   Section        0  ti_msp_dl_config.o(.rodata.gPWM_0ClockConfig)
    gPWM_0Config                             0x000023bc   Data           8  ti_msp_dl_config.o(.rodata.gPWM_0Config)
    [Anonymous Symbol]                       0x000023bc   Section        0  ti_msp_dl_config.o(.rodata.gPWM_0Config)
    gPWM_1ClockConfig                        0x000023c4   Data           3  ti_msp_dl_config.o(.rodata.gPWM_1ClockConfig)
    [Anonymous Symbol]                       0x000023c4   Section        0  ti_msp_dl_config.o(.rodata.gPWM_1ClockConfig)
    gPWM_1Config                             0x000023c8   Data           8  ti_msp_dl_config.o(.rodata.gPWM_1Config)
    [Anonymous Symbol]                       0x000023c8   Section        0  ti_msp_dl_config.o(.rodata.gPWM_1Config)
    gPWM_ClockConfigUpdate1                  0x000023d0   Data           3  main.o(.rodata.gPWM_ClockConfigUpdate1)
    [Anonymous Symbol]                       0x000023d0   Section        0  main.o(.rodata.gPWM_ClockConfigUpdate1)
    gPWM_ClockConfigUpdate2                  0x000023d3   Data           3  main.o(.rodata.gPWM_ClockConfigUpdate2)
    [Anonymous Symbol]                       0x000023d3   Section        0  main.o(.rodata.gPWM_ClockConfigUpdate2)
    gPWM_ClockConfigUpdate3                  0x000023d6   Data           3  main.o(.rodata.gPWM_ClockConfigUpdate3)
    [Anonymous Symbol]                       0x000023d6   Section        0  main.o(.rodata.gPWM_ClockConfigUpdate3)
    gPWM_ClockConfigUpdate4                  0x000023d9   Data           3  main.o(.rodata.gPWM_ClockConfigUpdate4)
    [Anonymous Symbol]                       0x000023d9   Section        0  main.o(.rodata.gPWM_ClockConfigUpdate4)
    gPWM_ClockConfigUpdate5                  0x000023dc   Data           3  main.o(.rodata.gPWM_ClockConfigUpdate5)
    [Anonymous Symbol]                       0x000023dc   Section        0  main.o(.rodata.gPWM_ClockConfigUpdate5)
    gPWM_ClockConfigUpdate6                  0x000023df   Data           3  main.o(.rodata.gPWM_ClockConfigUpdate6)
    [Anonymous Symbol]                       0x000023df   Section        0  main.o(.rodata.gPWM_ClockConfigUpdate6)
    gPWM_ClockConfigUpdate7                  0x000023e2   Data           3  main.o(.rodata.gPWM_ClockConfigUpdate7)
    [Anonymous Symbol]                       0x000023e2   Section        0  main.o(.rodata.gPWM_ClockConfigUpdate7)
    gTIMER_0ClockConfig                      0x000023e5   Data           3  ti_msp_dl_config.o(.rodata.gTIMER_0ClockConfig)
    [Anonymous Symbol]                       0x000023e5   Section        0  ti_msp_dl_config.o(.rodata.gTIMER_0ClockConfig)
    gTIMER_0TimerConfig                      0x000023e8   Data          20  ti_msp_dl_config.o(.rodata.gTIMER_0TimerConfig)
    [Anonymous Symbol]                       0x000023e8   Section        0  ti_msp_dl_config.o(.rodata.gTIMER_0TimerConfig)
    gUART_0ClockConfig                       0x000023fc   Data           2  ti_msp_dl_config.o(.rodata.gUART_0ClockConfig)
    [Anonymous Symbol]                       0x000023fc   Section        0  ti_msp_dl_config.o(.rodata.gUART_0ClockConfig)
    gUART_0Config                            0x000023fe   Data          10  ti_msp_dl_config.o(.rodata.gUART_0Config)
    [Anonymous Symbol]                       0x000023fe   Section        0  ti_msp_dl_config.o(.rodata.gUART_0Config)
    [Anonymous Symbol]                       0x00002408   Section        0  main.o(.rodata.str1.1)
    [Anonymous Symbol]                       0x20000000   Section        0  main.o(.data..L_MergedGlobals)
    [Anonymous Symbol]                       0x20000040   Section        0  key.o(.data..L_MergedGlobals)
    .bss                                     0x200000a0   Section       96  libspace.o(.bss)
    [Anonymous Symbol]                       0x20000100   Section        0  main.o(.bss..L_MergedGlobals.31)
    Heap_Mem                                 0x20000188   Data           0  startup_mspm0l1306_uvision.o(HEAP)
    Stack_Mem                                0x20000188   Data         256  startup_mspm0l1306_uvision.o(STACK)
    HEAP                                     0x20000188   Section        0  startup_mspm0l1306_uvision.o(HEAP)
    STACK                                    0x20000188   Section      256  startup_mspm0l1306_uvision.o(STACK)
    __initial_sp                             0x20000288   Data           0  startup_mspm0l1306_uvision.o(STACK)

    Global Symbols

    Symbol Name                              Value     Ov Type        Size  Object(Section)

    BuildAttributes$$THM_ISAv3M$S$PE$A:L22$X:L11$S22$IEEE1$IW$~IW$USESV6$~STKCKD$USESV7$~SHL$OSPACE$ROPI$EBA8$UX$STANDARDLIB$REQ8$PRES8$EABIv2 0x00000000   Number         0  anon$$obj.o ABSOLUTE
    __Vectors                                0x00000000   Data           4  startup_mspm0l1306_uvision.o(RESET)
    __ARM_exceptions_init                     - Undefined Weak Reference
    __alloca_initialize                       - Undefined Weak Reference
    __arm_preinit_                            - Undefined Weak Reference
    __arm_relocate_pie_                       - Undefined Weak Reference
    __cpp_initialize__aeabi_                  - Undefined Weak Reference
    __cxa_finalize                            - Undefined Weak Reference
    __rt_locale                               - Undefined Weak Reference
    __sigvec_lookup                           - Undefined Weak Reference
    _atexit_init                              - Undefined Weak Reference
    _call_atexit_fns                          - Undefined Weak Reference
    _clock_init                               - Undefined Weak Reference
    _fp_trap_init                             - Undefined Weak Reference
    _fp_trap_shutdown                         - Undefined Weak Reference
    _get_lc_collate                           - Undefined Weak Reference
    _get_lc_ctype                             - Undefined Weak Reference
    _get_lc_monetary                          - Undefined Weak Reference
    _get_lc_numeric                           - Undefined Weak Reference
    _get_lc_time                              - Undefined Weak Reference
    _getenv_init                              - Undefined Weak Reference
    _handle_redirection                       - Undefined Weak Reference
    _init_alloc                               - Undefined Weak Reference
    _init_user_alloc                          - Undefined Weak Reference
    _initio                                   - Undefined Weak Reference
    _mutex_acquire                            - Undefined Weak Reference
    _mutex_release                            - Undefined Weak Reference
    _printf_post_padding                      - Undefined Weak Reference
    _printf_pre_padding                       - Undefined Weak Reference
    _printf_truncate_signed                   - Undefined Weak Reference
    _printf_truncate_unsigned                 - Undefined Weak Reference
    _rand_init                                - Undefined Weak Reference
    _signal_finish                            - Undefined Weak Reference
    _signal_init                              - Undefined Weak Reference
    _terminate_alloc                          - Undefined Weak Reference
    _terminate_user_alloc                     - Undefined Weak Reference
    _terminateio                              - Undefined Weak Reference
    __Vectors_End                            0x000000c0   Data           0  startup_mspm0l1306_uvision.o(RESET)
    __Vectors_Size                           0x000000c0   Number         0  startup_mspm0l1306_uvision.o ABSOLUTE
    __main                                   0x000000c1   Thumb Code     8  __main.o(!!!main)
    __scatterload                            0x000000c9   Thumb Code     0  __scatter.o(!!!scatter)
    __scatterload_rt2                        0x000000c9   Thumb Code    74  __scatter.o(!!!scatter)
    __scatterload_rt2_thumb_only             0x000000c9   Thumb Code     0  __scatter.o(!!!scatter)
    __scatterload_loop                       0x000000d3   Thumb Code     0  __scatter.o(!!!scatter)
    __scatterload_copy                       0x00000121   Thumb Code    26  __scatter_copy.o(!!handler_copy)
    __scatterload_null                       0x00000141   Thumb Code     2  __scatter.o(!!handler_null)
    __scatterload_zeroinit                   0x00000149   Thumb Code    28  __scatter_zi.o(!!handler_zi)
    _printf_percent                          0x00000165   Thumb Code     0  _printf_percent.o(.ARM.Collect$$_printf_percent$$00000000)
    _printf_d                                0x00000167   Thumb Code     0  _printf_d.o(.ARM.Collect$$_printf_percent$$00000009)
    _printf_percent_end                      0x00000171   Thumb Code     0  _printf_percent_end.o(.ARM.Collect$$_printf_percent$$00000017)
    __rt_lib_init                            0x00000175   Thumb Code     0  libinit.o(.ARM.Collect$$libinit$$00000000)
    __rt_lib_init_alloca_1                   0x00000177   Thumb Code     0  libinit2.o(.ARM.Collect$$libinit$$00000030)
    __rt_lib_init_argv_1                     0x00000177   Thumb Code     0  libinit2.o(.ARM.Collect$$libinit$$0000002E)
    __rt_lib_init_atexit_1                   0x00000177   Thumb Code     0  libinit2.o(.ARM.Collect$$libinit$$0000001D)
    __rt_lib_init_clock_1                    0x00000177   Thumb Code     0  libinit2.o(.ARM.Collect$$libinit$$00000023)
    __rt_lib_init_cpp_1                      0x00000177   Thumb Code     0  libinit2.o(.ARM.Collect$$libinit$$00000034)
    __rt_lib_init_exceptions_1               0x00000177   Thumb Code     0  libinit2.o(.ARM.Collect$$libinit$$00000032)
    __rt_lib_init_fp_1                       0x00000177   Thumb Code     0  libinit2.o(.ARM.Collect$$libinit$$00000002)
    __rt_lib_init_fp_trap_1                  0x00000177   Thumb Code     0  libinit2.o(.ARM.Collect$$libinit$$00000021)
    __rt_lib_init_getenv_1                   0x00000177   Thumb Code     0  libinit2.o(.ARM.Collect$$libinit$$00000025)
    __rt_lib_init_heap_1                     0x00000177   Thumb Code     0  libinit2.o(.ARM.Collect$$libinit$$0000000C)
    __rt_lib_init_lc_collate_1               0x00000177   Thumb Code     0  libinit2.o(.ARM.Collect$$libinit$$00000013)
    __rt_lib_init_lc_ctype_1                 0x00000177   Thumb Code     0  libinit2.o(.ARM.Collect$$libinit$$00000015)
    __rt_lib_init_lc_monetary_1              0x00000177   Thumb Code     0  libinit2.o(.ARM.Collect$$libinit$$00000017)
    __rt_lib_init_lc_numeric_1               0x00000177   Thumb Code     0  libinit2.o(.ARM.Collect$$libinit$$00000019)
    __rt_lib_init_lc_time_1                  0x00000177   Thumb Code     0  libinit2.o(.ARM.Collect$$libinit$$0000001B)
    __rt_lib_init_preinit_1                  0x00000177   Thumb Code     0  libinit2.o(.ARM.Collect$$libinit$$00000006)
    __rt_lib_init_rand_1                     0x00000177   Thumb Code     0  libinit2.o(.ARM.Collect$$libinit$$00000010)
    __rt_lib_init_relocate_pie_1             0x00000177   Thumb Code     0  libinit2.o(.ARM.Collect$$libinit$$00000004)
    __rt_lib_init_return                     0x00000177   Thumb Code     0  libinit2.o(.ARM.Collect$$libinit$$00000035)
    __rt_lib_init_signal_1                   0x00000177   Thumb Code     0  libinit2.o(.ARM.Collect$$libinit$$0000001F)
    __rt_lib_init_stdio_1                    0x00000177   Thumb Code     0  libinit2.o(.ARM.Collect$$libinit$$00000027)
    __rt_lib_init_user_alloc_1               0x00000177   Thumb Code     0  libinit2.o(.ARM.Collect$$libinit$$0000000E)
    __rt_lib_shutdown                        0x00000179   Thumb Code     0  libshutdown.o(.ARM.Collect$$libshutdown$$00000000)
    __rt_lib_shutdown_cpp_1                  0x0000017b   Thumb Code     0  libshutdown2.o(.ARM.Collect$$libshutdown$$00000002)
    __rt_lib_shutdown_fp_trap_1              0x0000017b   Thumb Code     0  libshutdown2.o(.ARM.Collect$$libshutdown$$00000007)
    __rt_lib_shutdown_heap_1                 0x0000017b   Thumb Code     0  libshutdown2.o(.ARM.Collect$$libshutdown$$0000000F)
    __rt_lib_shutdown_return                 0x0000017b   Thumb Code     0  libshutdown2.o(.ARM.Collect$$libshutdown$$00000010)
    __rt_lib_shutdown_signal_1               0x0000017b   Thumb Code     0  libshutdown2.o(.ARM.Collect$$libshutdown$$0000000A)
    __rt_lib_shutdown_stdio_1                0x0000017b   Thumb Code     0  libshutdown2.o(.ARM.Collect$$libshutdown$$00000004)
    __rt_lib_shutdown_user_alloc_1           0x0000017b   Thumb Code     0  libshutdown2.o(.ARM.Collect$$libshutdown$$0000000C)
    __rt_entry                               0x0000017d   Thumb Code     0  __rtentry.o(.ARM.Collect$$rtentry$$00000000)
    __rt_entry_presh_1                       0x0000017d   Thumb Code     0  __rtentry2.o(.ARM.Collect$$rtentry$$00000002)
    __rt_entry_sh                            0x0000017d   Thumb Code     0  __rtentry4.o(.ARM.Collect$$rtentry$$00000004)
    __rt_entry_li                            0x00000183   Thumb Code     0  __rtentry2.o(.ARM.Collect$$rtentry$$0000000A)
    __rt_entry_postsh_1                      0x00000183   Thumb Code     0  __rtentry2.o(.ARM.Collect$$rtentry$$00000009)
    __rt_entry_main                          0x00000187   Thumb Code     0  __rtentry2.o(.ARM.Collect$$rtentry$$0000000D)
    __rt_entry_postli_1                      0x00000187   Thumb Code     0  __rtentry2.o(.ARM.Collect$$rtentry$$0000000C)
    __rt_exit                                0x0000018f   Thumb Code     0  rtexit.o(.ARM.Collect$$rtexit$$00000000)
    __rt_exit_ls                             0x00000191   Thumb Code     0  rtexit2.o(.ARM.Collect$$rtexit$$00000003)
    __rt_exit_prels_1                        0x00000191   Thumb Code     0  rtexit2.o(.ARM.Collect$$rtexit$$00000002)
    __rt_exit_exit                           0x00000195   Thumb Code     0  rtexit2.o(.ARM.Collect$$rtexit$$00000004)
    Reset_Handler                            0x0000019d   Thumb Code     4  startup_mspm0l1306_uvision.o(.text)
    NMI_Handler                              0x000001a1   Thumb Code     2  startup_mspm0l1306_uvision.o(.text)
    HardFault_Handler                        0x000001a3   Thumb Code     2  startup_mspm0l1306_uvision.o(.text)
    SVC_Handler                              0x000001a5   Thumb Code     2  startup_mspm0l1306_uvision.o(.text)
    PendSV_Handler                           0x000001a7   Thumb Code     2  startup_mspm0l1306_uvision.o(.text)
    SysTick_Handler                          0x000001a9   Thumb Code     2  startup_mspm0l1306_uvision.o(.text)
    ADC0_IRQHandler                          0x000001ab   Thumb Code     0  startup_mspm0l1306_uvision.o(.text)
    DMA_IRQHandler                           0x000001ab   Thumb Code     0  startup_mspm0l1306_uvision.o(.text)
    Default_Handler                          0x000001ab   Thumb Code     2  startup_mspm0l1306_uvision.o(.text)
    GROUP0_IRQHandler                        0x000001ab   Thumb Code     0  startup_mspm0l1306_uvision.o(.text)
    GROUP1_IRQHandler                        0x000001ab   Thumb Code     0  startup_mspm0l1306_uvision.o(.text)
    I2C0_IRQHandler                          0x000001ab   Thumb Code     0  startup_mspm0l1306_uvision.o(.text)
    I2C1_IRQHandler                          0x000001ab   Thumb Code     0  startup_mspm0l1306_uvision.o(.text)
    SPI0_IRQHandler                          0x000001ab   Thumb Code     0  startup_mspm0l1306_uvision.o(.text)
    TIMG1_IRQHandler                         0x000001ab   Thumb Code     0  startup_mspm0l1306_uvision.o(.text)
    TIMG2_IRQHandler                         0x000001ab   Thumb Code     0  startup_mspm0l1306_uvision.o(.text)
    TIMG4_IRQHandler                         0x000001ab   Thumb Code     0  startup_mspm0l1306_uvision.o(.text)
    UART0_IRQHandler                         0x000001ab   Thumb Code     0  startup_mspm0l1306_uvision.o(.text)
    UART1_IRQHandler                         0x000001ab   Thumb Code     0  startup_mspm0l1306_uvision.o(.text)
    __user_initial_stackheap                 0x000001ad   Thumb Code    10  startup_mspm0l1306_uvision.o(.text)
    __2printf                                0x000001c9   Thumb Code    22  noretval__2printf.o(.text)
    __printf                                 0x000001e5   Thumb Code   108  __printf.o(.text)
    _printf_int_dec                          0x00000251   Thumb Code    90  _printf_dec.o(.text)
    puts                                     0x000002bd   Thumb Code    38  puts.o(.text)
    _memset_w                                0x000002e9   Thumb Code    26  rt_memclr.o(.text)
    _memset                                  0x00000303   Thumb Code    30  rt_memclr.o(.text)
    __aeabi_memclr                           0x00000321   Thumb Code     4  rt_memclr.o(.text)
    __rt_memclr                              0x00000321   Thumb Code     0  rt_memclr.o(.text)
    __aeabi_memclr4                          0x00000325   Thumb Code     0  rt_memclr.o(.text)
    __aeabi_memclr8                          0x00000325   Thumb Code     0  rt_memclr.o(.text)
    __rt_memclr_w                            0x00000325   Thumb Code     4  rt_memclr.o(.text)
    __aeabi_uidiv                            0x00000329   Thumb Code     0  aeabi_sdiv.o(.text)
    __aeabi_uidivmod                         0x00000329   Thumb Code    20  aeabi_sdiv.o(.text)
    __aeabi_idiv                             0x0000033d   Thumb Code     0  aeabi_sdiv.o(.text)
    __aeabi_idivmod                          0x0000033d   Thumb Code   338  aeabi_sdiv.o(.text)
    __use_two_region_memory                  0x00000495   Thumb Code     2  heapauxi.o(.text)
    __rt_heap_escrow$2region                 0x00000497   Thumb Code     2  heapauxi.o(.text)
    __rt_heap_expand$2region                 0x00000499   Thumb Code     2  heapauxi.o(.text)
    __aeabi_fdiv                             0x0000049d   Thumb Code     0  fdiv.o(.text)
    _fdiv                                    0x0000049d   Thumb Code   334  fdiv.o(.text)
    _frdiv                                   0x000005eb   Thumb Code     8  fdiv.o(.text)
    __aeabi_f2iz                             0x000005fd   Thumb Code     0  ffixi.o(.text)
    _ffix                                    0x000005fd   Thumb Code    76  ffixi.o(.text)
    __aeabi_f2uiz                            0x00000649   Thumb Code     0  ffixui.o(.text)
    _ffixu                                   0x00000649   Thumb Code    48  ffixui.o(.text)
    __aeabi_i2f_normalise                    0x00000679   Thumb Code    72  fflti.o(.text)
    __aeabi_i2f                              0x000006c1   Thumb Code    16  fflti.o(.text)
    _fflt                                    0x000006c1   Thumb Code     0  fflti.o(.text)
    __aeabi_ui2f                             0x000006d1   Thumb Code     6  fflti.o(.text)
    _ffltu                                   0x000006d1   Thumb Code     0  fflti.o(.text)
    _printf_int_common                       0x000006d7   Thumb Code   176  _printf_intcommon.o(.text)
    _printf_char_file                        0x00000789   Thumb Code    34  _printf_char_file.o(.text)
    __rt_udiv10                              0x000007b1   Thumb Code    40  rtudiv10.o(.text)
    _printf_char_common                      0x000007e3   Thumb Code    32  _printf_char_common.o(.text)
    ferror                                   0x00000809   Thumb Code     8  ferror.o(.text)
    __user_setup_stackheap                   0x00000811   Thumb Code    62  sys_stackheap_outer.o(.text)
    exit                                     0x0000084f   Thumb Code    16  exit.o(.text)
    __user_libspace                          0x00000861   Thumb Code     8  libspace.o(.text)
    __user_perproc_libspace                  0x00000861   Thumb Code     0  libspace.o(.text)
    __user_perthread_libspace                0x00000861   Thumb Code     0  libspace.o(.text)
    DL_Common_delayCycles                    0x00000869   Thumb Code    10  dl_common.o(.text.DL_Common_delayCycles)
    DL_Timer_initPWMMode                     0x00000875   Thumb Code   172  dl_timer.o(.text.DL_Timer_initPWMMode)
    DL_Timer_initTimerMode                   0x00000935   Thumb Code    92  dl_timer.o(.text.DL_Timer_initTimerMode)
    DL_Timer_setCaptCompUpdateMethod         0x0000099d   Thumb Code    24  dl_timer.o(.text.DL_Timer_setCaptCompUpdateMethod)
    DL_Timer_setCaptureCompareOutCtl         0x000009b9   Thumb Code    20  dl_timer.o(.text.DL_Timer_setCaptureCompareOutCtl)
    DL_Timer_setCaptureCompareValue          0x000009d1   Thumb Code    12  dl_timer.o(.text.DL_Timer_setCaptureCompareValue)
    DL_Timer_setClockConfig                  0x000009e1   Thumb Code    24  dl_timer.o(.text.DL_Timer_setClockConfig)
    DL_UART_init                             0x000009fd   Thumb Code    64  dl_uart.o(.text.DL_UART_init)
    DL_UART_setClockConfig                   0x00000a45   Thumb Code    18  dl_uart.o(.text.DL_UART_setClockConfig)
    KeyValueCalculate                        0x00000a59   Thumb Code   444  main.o(.text.KeyValueCalculate)
    OLED_Clear                               0x00000c25   Thumb Code    60  oled.o(.text.OLED_Clear)
    OLED_Enter                               0x00000c61   Thumb Code    96  main.o(.text.OLED_Enter)
    OLED_Flash                               0x00000cd5   Thumb Code   424  main.o(.text.OLED_Flash)
    OLED_Init                                0x00000ee9   Thumb Code   216  oled.o(.text.OLED_Init)
    OLED_Pow                                 0x00000fc5   Thumb Code    16  oled.o(.text.OLED_Pow)
    OLED_Set_Pos                             0x00000fd5   Thumb Code    36  oled.o(.text.OLED_Set_Pos)
    OLED_ShowChar                            0x00000ffd   Thumb Code    96  oled.o(.text.OLED_ShowChar)
    OLED_ShowChar8                           0x00001061   Thumb Code    60  oled.o(.text.OLED_ShowChar8)
    OLED_ShowNum                             0x000010a1   Thumb Code   138  oled.o(.text.OLED_ShowNum)
    OLED_ShowString                          0x0000112b   Thumb Code    48  oled.o(.text.OLED_ShowString)
    OLED_ShowString8                         0x0000115b   Thumb Code    48  oled.o(.text.OLED_ShowString8)
    OLED_Showdecimal                         0x0000118b   Thumb Code   264  oled.o(.text.OLED_Showdecimal)
    OLED_WR_Byte                             0x00001295   Thumb Code    64  oled.o(.text.OLED_WR_Byte)
    SYSCFG_DL_GPIO_init                      0x000012d9   Thumb Code    72  ti_msp_dl_config.o(.text.SYSCFG_DL_GPIO_init)
    SYSCFG_DL_PWM_0_init                     0x00001339   Thumb Code    68  ti_msp_dl_config.o(.text.SYSCFG_DL_PWM_0_init)
    SYSCFG_DL_PWM_1_init                     0x00001391   Thumb Code    68  ti_msp_dl_config.o(.text.SYSCFG_DL_PWM_1_init)
    SYSCFG_DL_SYSCTL_init                    0x000013e9   Thumb Code    36  ti_msp_dl_config.o(.text.SYSCFG_DL_SYSCTL_init)
    SYSCFG_DL_TIMER_0_init                   0x00001415   Thumb Code    52  ti_msp_dl_config.o(.text.SYSCFG_DL_TIMER_0_init)
    SYSCFG_DL_UART_0_init                    0x00001461   Thumb Code   104  ti_msp_dl_config.o(.text.SYSCFG_DL_UART_0_init)
    SYSCFG_DL_init                           0x000014dd   Thumb Code    32  ti_msp_dl_config.o(.text.SYSCFG_DL_init)
    SYSCFG_DL_initPower                      0x000014fd   Thumb Code    44  ti_msp_dl_config.o(.text.SYSCFG_DL_initPower)
    TIMG0_IRQHandler                         0x00001545   Thumb Code    80  main.o(.text.TIMG0_IRQHandler)
    UpdateFreqDuty                           0x00001619   Thumb Code   412  main.o(.text.UpdateFreqDuty)
    _sys_exit                                0x00001815   Thumb Code     2  main.o(.text._sys_exit)
    delay_ms                                 0x00001817   Thumb Code    14  oled.o(.text.delay_ms)
    fputc                                    0x00001825   Thumb Code    16  main.o(.text.fputc)
    getKeyValue                              0x00001839   Thumb Code   112  key.o(.text.getKeyValue)
    main                                     0x000018b9   Thumb Code   108  main.o(.text.main)
    oled_pow                                 0x00001945   Thumb Code    16  oled.o(.text.oled_pow)
    __aeabi_fadd                             0x00001955   Thumb Code     0  faddsub.o(x$fpl$fadd)
    _fadd                                    0x00001955   Thumb Code   134  faddsub.o(x$fpl$fadd)
    __aeabi_fmul                             0x000019e1   Thumb Code     0  fmul.o(x$fpl$fmul)
    _fmul                                    0x000019e1   Thumb Code   172  fmul.o(x$fpl$fmul)
    __aeabi_fsub                             0x00001a91   Thumb Code     0  faddsub.o(x$fpl$fsub)
    _fsub                                    0x00001a91   Thumb Code   204  faddsub.o(x$fpl$fsub)
    __I$use$fp                               0x00001b60   Number         0  usenofp.o(x$fpl$usenofp)
    F6x8                                     0x00001ba0   Data         552  oled.o(.rodata.F6x8)
    F8X16                                    0x00001dc8   Data        1520  oled.o(.rodata.F8X16)
    Region$$Table$$Base                      0x00002438   Number         0  anon$$obj.o(Region$$Table)
    Region$$Table$$Limit                     0x00002458   Number         0  anon$$obj.o(Region$$Table)
    PWM1_CLK                                 0x20000000   Data           4  main.o(.data..L_MergedGlobals)
    PWM2_CLK                                 0x20000004   Data           4  main.o(.data..L_MergedGlobals)
    period0                                  0x20000008   Data           4  main.o(.data..L_MergedGlobals)
    captureCompareValue1                     0x2000000c   Data           4  main.o(.data..L_MergedGlobals)
    loadValue1                               0x20000010   Data           4  main.o(.data..L_MergedGlobals)
    period1                                  0x20000014   Data           4  main.o(.data..L_MergedGlobals)
    captureCompareValue0                     0x20000018   Data           4  main.o(.data..L_MergedGlobals)
    loadValue0                               0x2000001c   Data           4  main.o(.data..L_MergedGlobals)
    PWM_Freq                                 0x20000020   Data           8  main.o(.data..L_MergedGlobals)
    PWM_Duty                                 0x20000028   Data           8  main.o(.data..L_MergedGlobals)
    key_num                                  0x20000030   Data          16  main.o(.data..L_MergedGlobals)
    h_arr                                    0x20000040   Data          16  key.o(.data..L_MergedGlobals)
    v_arr                                    0x20000050   Data          16  key.o(.data..L_MergedGlobals)
    key_float                                0x20000060   Data          64  main.o(.data.key_float)
    __libspace_start                         0x200000a0   Data          96  libspace.o(.bss)
    __temporary_stack_top$libspace           0x20000100   Data           0  libspace.o(.bss)
    num                                      0x20000100   Data           1  main.o(.bss..L_MergedGlobals.31)
    enablechannel                            0x20000101   Data           2  main.o(.bss..L_MergedGlobals.31)
    key_value                                0x20000104   Data           4  main.o(.bss..L_MergedGlobals.31)
    temp_float                               0x20000108   Data           4  main.o(.bss..L_MergedGlobals.31)
    dutyCycle0                               0x2000010c   Data           4  main.o(.bss..L_MergedGlobals.31)
    dutyCycle1                               0x20000110   Data           4  main.o(.bss..L_MergedGlobals.31)
    temp_num                                 0x20000114   Data          28  main.o(.bss..L_MergedGlobals.31)
    __stdout                                 0x20000130   Data          84  main.o(.bss.__stdout)



==============================================================================

Memory Map of the image

  Image Entry point : 0x000000c1

  Load Region LR_IROM1 (Base: 0x00000000, Size: 0x000024f8, Max: 0x0000fff8, ABSOLUTE)

    Execution Region ER_IROM1 (Exec base: 0x00000000, Load base: 0x00000000, Size: 0x00002458, Max: 0x0000fff8, ABSOLUTE)

    Exec Addr    Load Addr    Size         Type   Attr      Idx    E Section Name        Object

    0x00000000   0x00000000   0x000000c0   Data   RO           74    RESET               startup_mspm0l1306_uvision.o
    0x000000c0   0x000000c0   0x00000008   Code   RO          657  * !!!main             c_p.l(__main.o)
    0x000000c8   0x000000c8   0x00000054   Code   RO          863    !!!scatter          c_p.l(__scatter.o)
    0x0000011c   0x0000011c   0x00000004   PAD
    0x00000120   0x00000120   0x0000001a   Code   RO          867    !!handler_copy      c_p.l(__scatter_copy.o)
    0x0000013a   0x0000013a   0x00000006   PAD
    0x00000140   0x00000140   0x00000002   Code   RO          864    !!handler_null      c_p.l(__scatter.o)
    0x00000142   0x00000142   0x00000006   PAD
    0x00000148   0x00000148   0x0000001c   Code   RO          869    !!handler_zi        c_p.l(__scatter_zi.o)
    0x00000164   0x00000164   0x00000002   Code   RO          644    .ARM.Collect$$_printf_percent$$00000000  c_p.l(_printf_percent.o)
    0x00000166   0x00000166   0x0000000a   Code   RO          643    .ARM.Collect$$_printf_percent$$00000009  c_p.l(_printf_d.o)
    0x00000170   0x00000170   0x00000004   Code   RO          685    .ARM.Collect$$_printf_percent$$00000017  c_p.l(_printf_percent_end.o)
    0x00000174   0x00000174   0x00000002   Code   RO          728    .ARM.Collect$$libinit$$00000000  c_p.l(libinit.o)
    0x00000176   0x00000176   0x00000000   Code   RO          742    .ARM.Collect$$libinit$$00000002  c_p.l(libinit2.o)
    0x00000176   0x00000176   0x00000000   Code   RO          744    .ARM.Collect$$libinit$$00000004  c_p.l(libinit2.o)
    0x00000176   0x00000176   0x00000000   Code   RO          746    .ARM.Collect$$libinit$$00000006  c_p.l(libinit2.o)
    0x00000176   0x00000176   0x00000000   Code   RO          749    .ARM.Collect$$libinit$$0000000C  c_p.l(libinit2.o)
    0x00000176   0x00000176   0x00000000   Code   RO          751    .ARM.Collect$$libinit$$0000000E  c_p.l(libinit2.o)
    0x00000176   0x00000176   0x00000000   Code   RO          753    .ARM.Collect$$libinit$$00000010  c_p.l(libinit2.o)
    0x00000176   0x00000176   0x00000000   Code   RO          756    .ARM.Collect$$libinit$$00000013  c_p.l(libinit2.o)
    0x00000176   0x00000176   0x00000000   Code   RO          758    .ARM.Collect$$libinit$$00000015  c_p.l(libinit2.o)
    0x00000176   0x00000176   0x00000000   Code   RO          760    .ARM.Collect$$libinit$$00000017  c_p.l(libinit2.o)
    0x00000176   0x00000176   0x00000000   Code   RO          762    .ARM.Collect$$libinit$$00000019  c_p.l(libinit2.o)
    0x00000176   0x00000176   0x00000000   Code   RO          764    .ARM.Collect$$libinit$$0000001B  c_p.l(libinit2.o)
    0x00000176   0x00000176   0x00000000   Code   RO          766    .ARM.Collect$$libinit$$0000001D  c_p.l(libinit2.o)
    0x00000176   0x00000176   0x00000000   Code   RO          768    .ARM.Collect$$libinit$$0000001F  c_p.l(libinit2.o)
    0x00000176   0x00000176   0x00000000   Code   RO          770    .ARM.Collect$$libinit$$00000021  c_p.l(libinit2.o)
    0x00000176   0x00000176   0x00000000   Code   RO          772    .ARM.Collect$$libinit$$00000023  c_p.l(libinit2.o)
    0x00000176   0x00000176   0x00000000   Code   RO          774    .ARM.Collect$$libinit$$00000025  c_p.l(libinit2.o)
    0x00000176   0x00000176   0x00000000   Code   RO          776    .ARM.Collect$$libinit$$00000027  c_p.l(libinit2.o)
    0x00000176   0x00000176   0x00000000   Code   RO          780    .ARM.Collect$$libinit$$0000002E  c_p.l(libinit2.o)
    0x00000176   0x00000176   0x00000000   Code   RO          782    .ARM.Collect$$libinit$$00000030  c_p.l(libinit2.o)
    0x00000176   0x00000176   0x00000000   Code   RO          784    .ARM.Collect$$libinit$$00000032  c_p.l(libinit2.o)
    0x00000176   0x00000176   0x00000000   Code   RO          786    .ARM.Collect$$libinit$$00000034  c_p.l(libinit2.o)
    0x00000176   0x00000176   0x00000002   Code   RO          787    .ARM.Collect$$libinit$$00000035  c_p.l(libinit2.o)
    0x00000178   0x00000178   0x00000002   Code   RO          815    .ARM.Collect$$libshutdown$$00000000  c_p.l(libshutdown.o)
    0x0000017a   0x0000017a   0x00000000   Code   RO          846    .ARM.Collect$$libshutdown$$00000002  c_p.l(libshutdown2.o)
    0x0000017a   0x0000017a   0x00000000   Code   RO          848    .ARM.Collect$$libshutdown$$00000004  c_p.l(libshutdown2.o)
    0x0000017a   0x0000017a   0x00000000   Code   RO          851    .ARM.Collect$$libshutdown$$00000007  c_p.l(libshutdown2.o)
    0x0000017a   0x0000017a   0x00000000   Code   RO          854    .ARM.Collect$$libshutdown$$0000000A  c_p.l(libshutdown2.o)
    0x0000017a   0x0000017a   0x00000000   Code   RO          856    .ARM.Collect$$libshutdown$$0000000C  c_p.l(libshutdown2.o)
    0x0000017a   0x0000017a   0x00000000   Code   RO          859    .ARM.Collect$$libshutdown$$0000000F  c_p.l(libshutdown2.o)
    0x0000017a   0x0000017a   0x00000002   Code   RO          860    .ARM.Collect$$libshutdown$$00000010  c_p.l(libshutdown2.o)
    0x0000017c   0x0000017c   0x00000000   Code   RO          676    .ARM.Collect$$rtentry$$00000000  c_p.l(__rtentry.o)
    0x0000017c   0x0000017c   0x00000000   Code   RO          690    .ARM.Collect$$rtentry$$00000002  c_p.l(__rtentry2.o)
    0x0000017c   0x0000017c   0x00000006   Code   RO          702    .ARM.Collect$$rtentry$$00000004  c_p.l(__rtentry4.o)
    0x00000182   0x00000182   0x00000000   Code   RO          692    .ARM.Collect$$rtentry$$00000009  c_p.l(__rtentry2.o)
    0x00000182   0x00000182   0x00000004   Code   RO          693    .ARM.Collect$$rtentry$$0000000A  c_p.l(__rtentry2.o)
    0x00000186   0x00000186   0x00000000   Code   RO          695    .ARM.Collect$$rtentry$$0000000C  c_p.l(__rtentry2.o)
    0x00000186   0x00000186   0x00000008   Code   RO          696    .ARM.Collect$$rtentry$$0000000D  c_p.l(__rtentry2.o)
    0x0000018e   0x0000018e   0x00000002   Code   RO          733    .ARM.Collect$$rtexit$$00000000  c_p.l(rtexit.o)
    0x00000190   0x00000190   0x00000000   Code   RO          789    .ARM.Collect$$rtexit$$00000002  c_p.l(rtexit2.o)
    0x00000190   0x00000190   0x00000004   Code   RO          790    .ARM.Collect$$rtexit$$00000003  c_p.l(rtexit2.o)
    0x00000194   0x00000194   0x00000006   Code   RO          791    .ARM.Collect$$rtexit$$00000004  c_p.l(rtexit2.o)
    0x0000019a   0x0000019a   0x00000002   PAD
    0x0000019c   0x0000019c   0x0000002c   Code   RO           75    .text               startup_mspm0l1306_uvision.o
    0x000001c8   0x000001c8   0x0000001c   Code   RO          617    .text               c_p.l(noretval__2printf.o)
    0x000001e4   0x000001e4   0x0000006c   Code   RO          619    .text               c_p.l(__printf.o)
    0x00000250   0x00000250   0x0000006c   Code   RO          621    .text               c_p.l(_printf_dec.o)
    0x000002bc   0x000002bc   0x0000002c   Code   RO          645    .text               c_p.l(puts.o)
    0x000002e8   0x000002e8   0x00000040   Code   RO          649    .text               c_p.l(rt_memclr.o)
    0x00000328   0x00000328   0x0000016c   Code   RO          651    .text               c_p.l(aeabi_sdiv.o)
    0x00000494   0x00000494   0x00000006   Code   RO          655    .text               c_p.l(heapauxi.o)
    0x0000049a   0x0000049a   0x00000002   PAD
    0x0000049c   0x0000049c   0x00000160   Code   RO          665    .text               fz_ps.l(fdiv.o)
    0x000005fc   0x000005fc   0x0000004c   Code   RO          668    .text               fz_ps.l(ffixi.o)
    0x00000648   0x00000648   0x00000030   Code   RO          670    .text               fz_ps.l(ffixui.o)
    0x00000678   0x00000678   0x0000005e   Code   RO          672    .text               fz_ps.l(fflti.o)
    0x000006d6   0x000006d6   0x000000b0   Code   RO          681    .text               c_p.l(_printf_intcommon.o)
    0x00000786   0x00000786   0x00000002   PAD
    0x00000788   0x00000788   0x00000028   Code   RO          683    .text               c_p.l(_printf_char_file.o)
    0x000007b0   0x000007b0   0x00000028   Code   RO          686    .text               c_p.l(rtudiv10.o)
    0x000007d8   0x000007d8   0x00000030   Code   RO          706    .text               c_p.l(_printf_char_common.o)
    0x00000808   0x00000808   0x00000008   Code   RO          708    .text               c_p.l(ferror.o)
    0x00000810   0x00000810   0x0000003e   Code   RO          712    .text               c_p.l(sys_stackheap_outer.o)
    0x0000084e   0x0000084e   0x00000010   Code   RO          717    .text               c_p.l(exit.o)
    0x0000085e   0x0000085e   0x00000002   PAD
    0x00000860   0x00000860   0x00000008   Code   RO          729    .text               c_p.l(libspace.o)
    0x00000868   0x00000868   0x0000000a   Code   RO          150    .text.DL_Common_delayCycles  dl_common.o
    0x00000872   0x00000872   0x00000002   PAD
    0x00000874   0x00000874   0x000000c0   Code   RO          476    .text.DL_Timer_initPWMMode  dl_timer.o
    0x00000934   0x00000934   0x00000068   Code   RO          456    .text.DL_Timer_initTimerMode  dl_timer.o
    0x0000099c   0x0000099c   0x0000001c   Code   RO          490    .text.DL_Timer_setCaptCompUpdateMethod  dl_timer.o
    0x000009b8   0x000009b8   0x00000018   Code   RO          480    .text.DL_Timer_setCaptureCompareOutCtl  dl_timer.o
    0x000009d0   0x000009d0   0x00000010   Code   RO          458    .text.DL_Timer_setCaptureCompareValue  dl_timer.o
    0x000009e0   0x000009e0   0x0000001c   Code   RO          452    .text.DL_Timer_setClockConfig  dl_timer.o
    0x000009fc   0x000009fc   0x00000048   Code   RO          527    .text.DL_UART_init  dl_uart.o
    0x00000a44   0x00000a44   0x00000012   Code   RO          529    .text.DL_UART_setClockConfig  dl_uart.o
    0x00000a56   0x00000a56   0x00000002   PAD
    0x00000a58   0x00000a58   0x000001cc   Code   RO           12    .text.KeyValueCalculate  main.o
    0x00000c24   0x00000c24   0x0000003c   Code   RO          102    .text.OLED_Clear    oled.o
    0x00000c60   0x00000c60   0x00000074   Code   RO           14    .text.OLED_Enter    main.o
    0x00000cd4   0x00000cd4   0x00000214   Code   RO           10    .text.OLED_Flash    main.o
    0x00000ee8   0x00000ee8   0x000000dc   Code   RO          124    .text.OLED_Init     oled.o
    0x00000fc4   0x00000fc4   0x00000010   Code   RO          120    .text.OLED_Pow      oled.o
    0x00000fd4   0x00000fd4   0x00000028   Code   RO           96    .text.OLED_Set_Pos  oled.o
    0x00000ffc   0x00000ffc   0x00000064   Code   RO          104    .text.OLED_ShowChar  oled.o
    0x00001060   0x00001060   0x00000040   Code   RO          106    .text.OLED_ShowChar8  oled.o
    0x000010a0   0x000010a0   0x0000008a   Code   RO          110    .text.OLED_ShowNum  oled.o
    0x0000112a   0x0000112a   0x00000030   Code   RO          112    .text.OLED_ShowString  oled.o
    0x0000115a   0x0000115a   0x00000030   Code   RO          114    .text.OLED_ShowString8  oled.o
    0x0000118a   0x0000118a   0x00000108   Code   RO          118    .text.OLED_Showdecimal  oled.o
    0x00001292   0x00001292   0x00000002   PAD
    0x00001294   0x00001294   0x00000044   Code   RO           94    .text.OLED_WR_Byte  oled.o
    0x000012d8   0x000012d8   0x00000060   Code   RO           45    .text.SYSCFG_DL_GPIO_init  ti_msp_dl_config.o
    0x00001338   0x00001338   0x00000058   Code   RO           49    .text.SYSCFG_DL_PWM_0_init  ti_msp_dl_config.o
    0x00001390   0x00001390   0x00000058   Code   RO           51    .text.SYSCFG_DL_PWM_1_init  ti_msp_dl_config.o
    0x000013e8   0x000013e8   0x0000002c   Code   RO           47    .text.SYSCFG_DL_SYSCTL_init  ti_msp_dl_config.o
    0x00001414   0x00001414   0x0000004c   Code   RO           53    .text.SYSCFG_DL_TIMER_0_init  ti_msp_dl_config.o
    0x00001460   0x00001460   0x0000007c   Code   RO           55    .text.SYSCFG_DL_UART_0_init  ti_msp_dl_config.o
    0x000014dc   0x000014dc   0x00000020   Code   RO           41    .text.SYSCFG_DL_init  ti_msp_dl_config.o
    0x000014fc   0x000014fc   0x00000048   Code   RO           43    .text.SYSCFG_DL_initPower  ti_msp_dl_config.o
    0x00001544   0x00001544   0x000000d4   Code   RO           18    .text.TIMG0_IRQHandler  main.o
    0x00001618   0x00001618   0x000001fc   Code   RO           16    .text.UpdateFreqDuty  main.o
    0x00001814   0x00001814   0x00000002   Code   RO            2    .text._sys_exit     main.o
    0x00001816   0x00001816   0x0000000e   Code   RO           92    .text.delay_ms      oled.o
    0x00001824   0x00001824   0x00000014   Code   RO            4    .text.fputc         main.o
    0x00001838   0x00001838   0x00000080   Code   RO           82    .text.getKeyValue   key.o
    0x000018b8   0x000018b8   0x0000008c   Code   RO            8    .text.main          main.o
    0x00001944   0x00001944   0x00000010   Code   RO          108    .text.oled_pow      oled.o
    0x00001954   0x00001954   0x0000008c   Code   RO          659    x$fpl$fadd          fz_ps.l(faddsub.o)
    0x000019e0   0x000019e0   0x000000b0   Code   RO          674    x$fpl$fmul          fz_ps.l(fmul.o)
    0x00001a90   0x00001a90   0x000000d0   Code   RO          661    x$fpl$fsub          fz_ps.l(faddsub.o)
    0x00001b60   0x00001b60   0x00000000   Code   RO          688    x$fpl$usenofp       fz_ps.l(usenofp.o)
    0x00001b60   0x00001b60   0x00000040   Data   RO          666    .constdata          fz_ps.l(fdiv.o)
    0x00001ba0   0x00001ba0   0x00000228   Data   RO          126    .rodata.F6x8        oled.o
    0x00001dc8   0x00001dc8   0x000005f0   Data   RO          127    .rodata.F8X16       oled.o
    0x000023b8   0x000023b8   0x00000003   Data   RO           57    .rodata.gPWM_0ClockConfig  ti_msp_dl_config.o
    0x000023bb   0x000023bb   0x00000001   PAD
    0x000023bc   0x000023bc   0x00000008   Data   RO           58    .rodata.gPWM_0Config  ti_msp_dl_config.o
    0x000023c4   0x000023c4   0x00000003   Data   RO           59    .rodata.gPWM_1ClockConfig  ti_msp_dl_config.o
    0x000023c7   0x000023c7   0x00000001   PAD
    0x000023c8   0x000023c8   0x00000008   Data   RO           60    .rodata.gPWM_1Config  ti_msp_dl_config.o
    0x000023d0   0x000023d0   0x00000003   Data   RO           21    .rodata.gPWM_ClockConfigUpdate1  main.o
    0x000023d3   0x000023d3   0x00000003   Data   RO           22    .rodata.gPWM_ClockConfigUpdate2  main.o
    0x000023d6   0x000023d6   0x00000003   Data   RO           23    .rodata.gPWM_ClockConfigUpdate3  main.o
    0x000023d9   0x000023d9   0x00000003   Data   RO           24    .rodata.gPWM_ClockConfigUpdate4  main.o
    0x000023dc   0x000023dc   0x00000003   Data   RO           25    .rodata.gPWM_ClockConfigUpdate5  main.o
    0x000023df   0x000023df   0x00000003   Data   RO           26    .rodata.gPWM_ClockConfigUpdate6  main.o
    0x000023e2   0x000023e2   0x00000003   Data   RO           27    .rodata.gPWM_ClockConfigUpdate7  main.o
    0x000023e5   0x000023e5   0x00000003   Data   RO           61    .rodata.gTIMER_0ClockConfig  ti_msp_dl_config.o
    0x000023e8   0x000023e8   0x00000014   Data   RO           62    .rodata.gTIMER_0TimerConfig  ti_msp_dl_config.o
    0x000023fc   0x000023fc   0x00000002   Data   RO           63    .rodata.gUART_0ClockConfig  ti_msp_dl_config.o
    0x000023fe   0x000023fe   0x0000000a   Data   RO           64    .rodata.gUART_0Config  ti_msp_dl_config.o
    0x00002408   0x00002408   0x0000002b   Data   RO           28    .rodata.str1.1      main.o
    0x00002433   0x00002433   0x00000005   PAD
    0x00002438   0x00002438   0x00000020   Data   RO          862    Region$$Table       anon$$obj.o


    Execution Region RW_IRAM2 (Exec base: 0x20000000, Load base: 0x00002458, Size: 0x00000288, Max: 0x00001000, ABSOLUTE)

    Exec Addr    Load Addr    Size         Type   Attr      Idx    E Section Name        Object

    0x20000000   0x00002458   0x00000040   Data   RW           31    .data..L_MergedGlobals  main.o
    0x20000040   0x00002498   0x00000020   Data   RW           84    .data..L_MergedGlobals  key.o
    0x20000060   0x000024b8   0x00000040   Data   RW           20    .data.key_float     main.o
    0x200000a0        -       0x00000060   Zero   RW          730    .bss                c_p.l(libspace.o)
    0x20000100        -       0x00000030   Zero   RW           32    .bss..L_MergedGlobals.31  main.o
    0x20000130        -       0x00000054   Zero   RW           29    .bss.__stdout       main.o
    0x20000184   0x000024f8   0x00000004   PAD
    0x20000188        -       0x00000000   Zero   RW           73    HEAP                startup_mspm0l1306_uvision.o
    0x20000188        -       0x00000100   Zero   RW           72    STACK               startup_mspm0l1306_uvision.o



  Load Region LR_BCR (Base: 0x41c00000, Size: 0x00000000, Max: 0x00000100, ABSOLUTE)

    Execution Region BCR_CONFIG (Exec base: 0x41c00000, Load base: 0x41c00000, Size: 0x00000000, Max: 0x00000080, ABSOLUTE)

    **** No section assigned to this execution region ****



  Load Region LR_BSL (Base: 0x41c00100, Size: 0x00000000, Max: 0x00000100, ABSOLUTE)

    Execution Region BSL_CONFIG (Exec base: 0x41c00100, Load base: 0x41c00100, Size: 0x00000000, Max: 0x00000080, ABSOLUTE)

    **** No section assigned to this execution region ****


==============================================================================

Image component sizes


      Code (inc. data)   RO Data    RW Data    ZI Data      Debug   Object Name

        10          0          0          0          0        563   dl_common.o
       392         48          0          0          0      27919   dl_timer.o
        90          8          0          0          0      12993   dl_uart.o
       128         16          0         32          0       4159   key.o
      1990        414         64        128        132      11469   main.o
      1096         20       2072          0          0      10507   oled.o
        44         18        192          0        256        680   startup_mspm0l1306_uvision.o
       620        144         57          0          0      23598   ti_msp_dl_config.o

    ----------------------------------------------------------------------
      4376        668       2424        160        392      91888   Object Totals
         0          0         32          0          0          0   (incl. Generated)
         6          0          7          0          4          0   (incl. Padding)

    ----------------------------------------------------------------------

      Code (inc. data)   RO Data    RW Data    ZI Data      Debug   Library Member Name

         8          0          0          0          0         68   __main.o
       108          0          0          0          0         76   __printf.o
         0          0          0          0          0          0   __rtentry.o
        12          0          0          0          0          0   __rtentry2.o
         6          0          0          0          0          0   __rtentry4.o
        86         10          0          0          0          0   __scatter.o
        26          0          0          0          0          0   __scatter_copy.o
        28          0          0          0          0          0   __scatter_zi.o
        48          6          0          0          0         88   _printf_char_common.o
        40          6          0          0          0         72   _printf_char_file.o
        10          0          0          0          0          0   _printf_d.o
       108         18          0          0          0         76   _printf_dec.o
       176          0          0          0          0         84   _printf_intcommon.o
         2          0          0          0          0          0   _printf_percent.o
         4          0          0          0          0          0   _printf_percent_end.o
       364          4          0          0          0         92   aeabi_sdiv.o
        16          0          0          0          0         68   exit.o
         8          0          0          0          0         60   ferror.o
         6          0          0          0          0        136   heapauxi.o
         2          0          0          0          0          0   libinit.o
         2          0          0          0          0          0   libinit2.o
         2          0          0          0          0          0   libshutdown.o
         2          0          0          0          0          0   libshutdown2.o
         8          4          0          0         96         68   libspace.o
        28          6          0          0          0         84   noretval__2printf.o
        44          6          0          0          0         68   puts.o
        64          0          0          0          0        108   rt_memclr.o
         2          0          0          0          0          0   rtexit.o
        10          0          0          0          0          0   rtexit2.o
        40          0          0          0          0         60   rtudiv10.o
        62          0          0          0          0         80   sys_stackheap_outer.o
       348          8          0          0          0        160   faddsub.o
       352         10         64          0          0         92   fdiv.o
        76          0          0          0          0         68   ffixi.o
        48          0          0          0          0         60   ffixui.o
        94          0          0          0          0         92   fflti.o
       176          4          0          0          0         80   fmul.o
         0          0          0          0          0          0   usenofp.o

    ----------------------------------------------------------------------
      2440         86         64          0         96       1840   Library Totals
        24          4          0          0          0          0   (incl. Padding)

    ----------------------------------------------------------------------

      Code (inc. data)   RO Data    RW Data    ZI Data      Debug   Library Name

      1322         60          0          0         96       1288   c_p.l
      1094         22         64          0          0        552   fz_ps.l

    ----------------------------------------------------------------------
      2440         86         64          0         96       1840   Library Totals

    ----------------------------------------------------------------------

==============================================================================


      Code (inc. data)   RO Data    RW Data    ZI Data      Debug   

      6816        754       2488        160        488      92856   Grand Totals
      6816        754       2488        160        488      92856   ELF Image Totals
      6816        754       2488        160          0          0   ROM Totals

==============================================================================

    Total RO  Size (Code + RO Data)                 9304 (   9.09kB)
    Total RW  Size (RW Data + ZI Data)               648 (   0.63kB)
    Total ROM Size (Code + RO Data + RW Data)       9464 (   9.24kB)

==============================================================================

